Archive member included to satisfy reference by file (symbol)

../micro_ros_stm32cubemx_utils/microros_static_library_ide/libmicroros/libmicroros.a(libmicroxrcedds_client-time.c.obj)
                              ./Core/Src/usb_cdc_transport.o (uxr_millis)
/opt/st/stm32cubeide_1.18.1/plugins/com.st.stm32cube.ide.mcu.externaltools.gnu-tools-for-stm32.13.3.rel1.linux64_1.0.0.202410170706/tools/bin/../lib/gcc/arm-none-eabi/13.3.1/../../../../arm-none-eabi/lib/thumb/v7e-m+fp/hard/libc_nano.a(libc_a-exit.o)
                              /opt/st/stm32cubeide_1.18.1/plugins/com.st.stm32cube.ide.mcu.externaltools.gnu-tools-for-stm32.13.3.rel1.linux64_1.0.0.202410170706/tools/bin/../lib/gcc/arm-none-eabi/13.3.1/../../../../arm-none-eabi/lib/thumb/v7e-m+fp/hard/crt0.o (exit)
/opt/st/stm32cubeide_1.18.1/plugins/com.st.stm32cube.ide.mcu.externaltools.gnu-tools-for-stm32.13.3.rel1.linux64_1.0.0.202410170706/tools/bin/../lib/gcc/arm-none-eabi/13.3.1/../../../../arm-none-eabi/lib/thumb/v7e-m+fp/hard/libc_nano.a(libc_a-findfp.o)
                              /opt/st/stm32cubeide_1.18.1/plugins/com.st.stm32cube.ide.mcu.externaltools.gnu-tools-for-stm32.13.3.rel1.linux64_1.0.0.202410170706/tools/bin/../lib/gcc/arm-none-eabi/13.3.1/../../../../arm-none-eabi/lib/thumb/v7e-m+fp/hard/libc_nano.a(libc_a-exit.o) (__stdio_exit_handler)
/opt/st/stm32cubeide_1.18.1/plugins/com.st.stm32cube.ide.mcu.externaltools.gnu-tools-for-stm32.13.3.rel1.linux64_1.0.0.202410170706/tools/bin/../lib/gcc/arm-none-eabi/13.3.1/../../../../arm-none-eabi/lib/thumb/v7e-m+fp/hard/libc_nano.a(libc_a-fwalk.o)
                              /opt/st/stm32cubeide_1.18.1/plugins/com.st.stm32cube.ide.mcu.externaltools.gnu-tools-for-stm32.13.3.rel1.linux64_1.0.0.202410170706/tools/bin/../lib/gcc/arm-none-eabi/13.3.1/../../../../arm-none-eabi/lib/thumb/v7e-m+fp/hard/libc_nano.a(libc_a-findfp.o) (_fwalk_sglue)
/opt/st/stm32cubeide_1.18.1/plugins/com.st.stm32cube.ide.mcu.externaltools.gnu-tools-for-stm32.13.3.rel1.linux64_1.0.0.202410170706/tools/bin/../lib/gcc/arm-none-eabi/13.3.1/../../../../arm-none-eabi/lib/thumb/v7e-m+fp/hard/libc_nano.a(libc_a-stdio.o)
                              /opt/st/stm32cubeide_1.18.1/plugins/com.st.stm32cube.ide.mcu.externaltools.gnu-tools-for-stm32.13.3.rel1.linux64_1.0.0.202410170706/tools/bin/../lib/gcc/arm-none-eabi/13.3.1/../../../../arm-none-eabi/lib/thumb/v7e-m+fp/hard/libc_nano.a(libc_a-findfp.o) (__sread)
/opt/st/stm32cubeide_1.18.1/plugins/com.st.stm32cube.ide.mcu.externaltools.gnu-tools-for-stm32.13.3.rel1.linux64_1.0.0.202410170706/tools/bin/../lib/gcc/arm-none-eabi/13.3.1/../../../../arm-none-eabi/lib/thumb/v7e-m+fp/hard/libc_nano.a(libc_a-memset.o)
                              /opt/st/stm32cubeide_1.18.1/plugins/com.st.stm32cube.ide.mcu.externaltools.gnu-tools-for-stm32.13.3.rel1.linux64_1.0.0.202410170706/tools/bin/../lib/gcc/arm-none-eabi/13.3.1/../../../../arm-none-eabi/lib/thumb/v7e-m+fp/hard/crt0.o (memset)
/opt/st/stm32cubeide_1.18.1/plugins/com.st.stm32cube.ide.mcu.externaltools.gnu-tools-for-stm32.13.3.rel1.linux64_1.0.0.202410170706/tools/bin/../lib/gcc/arm-none-eabi/13.3.1/../../../../arm-none-eabi/lib/thumb/v7e-m+fp/hard/libc_nano.a(libc_a-closer.o)
                              /opt/st/stm32cubeide_1.18.1/plugins/com.st.stm32cube.ide.mcu.externaltools.gnu-tools-for-stm32.13.3.rel1.linux64_1.0.0.202410170706/tools/bin/../lib/gcc/arm-none-eabi/13.3.1/../../../../arm-none-eabi/lib/thumb/v7e-m+fp/hard/libc_nano.a(libc_a-stdio.o) (_close_r)
/opt/st/stm32cubeide_1.18.1/plugins/com.st.stm32cube.ide.mcu.externaltools.gnu-tools-for-stm32.13.3.rel1.linux64_1.0.0.202410170706/tools/bin/../lib/gcc/arm-none-eabi/13.3.1/../../../../arm-none-eabi/lib/thumb/v7e-m+fp/hard/libc_nano.a(libc_a-reent.o)
                              /opt/st/stm32cubeide_1.18.1/plugins/com.st.stm32cube.ide.mcu.externaltools.gnu-tools-for-stm32.13.3.rel1.linux64_1.0.0.202410170706/tools/bin/../lib/gcc/arm-none-eabi/13.3.1/../../../../arm-none-eabi/lib/thumb/v7e-m+fp/hard/libc_nano.a(libc_a-closer.o) (errno)
/opt/st/stm32cubeide_1.18.1/plugins/com.st.stm32cube.ide.mcu.externaltools.gnu-tools-for-stm32.13.3.rel1.linux64_1.0.0.202410170706/tools/bin/../lib/gcc/arm-none-eabi/13.3.1/../../../../arm-none-eabi/lib/thumb/v7e-m+fp/hard/libc_nano.a(libc_a-impure.o)
                              /opt/st/stm32cubeide_1.18.1/plugins/com.st.stm32cube.ide.mcu.externaltools.gnu-tools-for-stm32.13.3.rel1.linux64_1.0.0.202410170706/tools/bin/../lib/gcc/arm-none-eabi/13.3.1/../../../../arm-none-eabi/lib/thumb/v7e-m+fp/hard/libc_nano.a(libc_a-reent.o) (_impure_ptr)
/opt/st/stm32cubeide_1.18.1/plugins/com.st.stm32cube.ide.mcu.externaltools.gnu-tools-for-stm32.13.3.rel1.linux64_1.0.0.202410170706/tools/bin/../lib/gcc/arm-none-eabi/13.3.1/../../../../arm-none-eabi/lib/thumb/v7e-m+fp/hard/libc_nano.a(libc_a-lseekr.o)
[...]
Memory Configuration

Name             Origin             Length             Attributes
CCMRAM           0x10000000         0x00010000         xrw
RAM              0x20000000         0x00020000         xrw
FLASH            0x08000000         0x00100000         xr
*default*        0x00000000         0xffffffff

Linker script and memory map

LOAD /opt/st/stm32cubeide_1.18.1/plugins/com.st.stm32cube.ide.mcu.externaltools.gnu-tools-for-stm32.13.3.rel1.linux64_1.0.0.202410170706/tools/bin/../lib/gcc/arm-none-eabi/13.3.1/thumb/v7e-m+fp/hard/crti.o
LOAD /opt/st/stm32cubeide_1.18.1/plugins/com.st.stm32cube.ide.mcu.externaltools.gnu-tools-for-stm32.13.3.rel1.linux64_1.0.0.202410170706/tools/bin/../lib/gcc/arm-none-eabi/13.3.1/thumb/v7e-m+fp/hard/crtbegin.o
LOAD /opt/st/stm32cubeide_1.18.1/plugins/com.st.stm32cube.ide.mcu.externaltools.gnu-tools-for-stm32.13.3.rel1.linux64_1.0.0.202410170706/tools/bin/../lib/gcc/arm-none-eabi/13.3.1/../../../../arm-none-eabi/lib/thumb/v7e-m+fp/hard/crt0.o
LOAD ./Core/Src/custom_memory_manager.o
LOAD ./Core/Src/freertos.o
LOAD ./Core/Src/main.o
LOAD ./Core/Src/microros_allocators.o
LOAD ./Core/Src/microros_time.o
LOAD ./Core/Src/stm32f4xx_hal_msp.o
LOAD ./Core/Src/stm32f4xx_hal_timebase_tim.o
LOAD ./Core/Src/stm32f4xx_it.o
LOAD ./Core/Src/syscalls.o
LOAD ./Core/Src/sysmem.o
LOAD ./Core/Src/system_stm32f4xx.o
LOAD ./Core/Src/usb_cdc_transport.o
LOAD ./Core/Startup/startup_stm32f407vgtx.o
LOAD ./Drivers/STM32F4xx_HAL_Driver/Src/stm32f4xx_hal.o
LOAD ./Drivers/STM32F4xx_HAL_Driver/Src/stm32f4xx_hal_can.o
LOAD ./Drivers/STM32F4xx_HAL_Driver/Src/stm32f4xx_hal_cortex.o
LOAD ./Drivers/STM32F4xx_HAL_Driver/Src/stm32f4xx_hal_dma.o
LOAD ./Drivers/STM32F4xx_HAL_Driver/Src/stm32f4xx_hal_dma_ex.o
LOAD ./Drivers/STM32F4xx_HAL_Driver/Src/stm32f4xx_hal_exti.o
LOAD ./Drivers/STM32F4xx_HAL_Driver/Src/stm32f4xx_hal_flash.o
LOAD ./Drivers/STM32F4xx_HAL_Driver/Src/stm32f4xx_hal_flash_ex.o
LOAD ./Drivers/STM32F4xx_HAL_Driver/Src/stm32f4xx_hal_flash_ramfunc.o
LOAD ./Drivers/STM32F4xx_HAL_Driver/Src/stm32f4xx_hal_gpio.o
LOAD ./Drivers/STM32F4xx_HAL_Driver/Src/stm32f4xx_hal_pcd.o
LOAD ./Drivers/STM32F4xx_HAL_Driver/Src/stm32f4xx_hal_pcd_ex.o
LOAD ./Drivers/STM32F4xx_HAL_Driver/Src/stm32f4xx_hal_pwr.o
LOAD ./Drivers/STM32F4xx_HAL_Driver/Src/stm32f4xx_hal_pwr_ex.o
LOAD ./Drivers/STM32F4xx_HAL_Driver/Src/stm32f4xx_hal_rcc.o
LOAD ./Drivers/STM32F4xx_HAL_Driver/Src/stm32f4xx_hal_rcc_ex.o
LOAD ./Drivers/STM32F4xx_HAL_Driver/Src/stm32f4xx_hal_tim.o
LOAD ./Drivers/STM32F4xx_HAL_Driver/Src/stm32f4xx_hal_tim_ex.o
LOAD ./Drivers/STM32F4xx_HAL_Driver/Src/stm32f4xx_ll_usb.o
LOAD ./Middlewares/ST/STM32_USB_Device_Library/Class/CDC/Src/usbd_cdc.o
LOAD ./Middlewares/ST/STM32_USB_Device_Library/Core/Src/usbd_core.o
LOAD ./Middlewares/ST/STM32_USB_Device_Library/Core/Src/usbd_ctlreq.o
LOAD ./Middlewares/ST/STM32_USB_Device_Library/Core/Src/usbd_ioreq.o
LOAD ./Middlewares/Third_Party/FreeRTOS/Source/CMSIS_RTOS_V2/cmsis_os2.o
LOAD ./Middlewares/Third_Party/FreeRTOS/Source/croutine.o
LOAD ./Middlewares/Third_Party/FreeRTOS/Source/event_groups.o
LOAD ./Middlewares/Third_Party/FreeRTOS/Source/list.o
LOAD ./Middlewares/Third_Party/FreeRTOS/Source/queue.o
LOAD ./Middlewares/Third_Party/FreeRTOS/Source/stream_buffer.o
LOAD ./Middlewares/Third_Party/FreeRTOS/Source/tasks.o
LOAD ./Middlewares/Third_Party/FreeRTOS/Source/timers.o
LOAD ./Middlewares/Third_Party/FreeRTOS/Source/portable/GCC/ARM_CM4F/port.o
LOAD ./Middlewares/Third_Party/FreeRTOS/Source/portable/MemMang/heap_4.o
LOAD ./USB_DEVICE/App/usb_device.o
LOAD ./USB_DEVICE/App/usbd_cdc_if.o
LOAD ./USB_DEVICE/App/usbd_desc.o
LOAD ./USB_DEVICE/Target/usbd_conf.o
LOAD ../micro_ros_stm32cubemx_utils/microros_static_library_ide/libmicroros/libmicroros.a
START GROUP
LOAD /opt/st/stm32cubeide_1.18.1/plugins/com.st.stm32cube.ide.mcu.externaltools.gnu-tools-for-stm32.13.3.rel1.linux64_1.0.0.202410170706/tools/bin/../lib/gcc/arm-none-eabi/13.3.1/../../../../arm-none-eabi/lib/thumb/v7e-m+fp/hard/libc_nano.a
LOAD /opt/st/stm32cubeide_1.18.1/plugins/com.st.stm32cube.ide.mcu.externaltools.gnu-tools-for-stm32.13.3.rel1.linux64_1.0.0.202410170706/tools/bin/../lib/gcc/arm-none-eabi/13.3.1/../../../../arm-none-eabi/lib/thumb/v7e-m+fp/hard/libm.a
END GROUP
START GROUP
LOAD /opt/st/stm32cubeide_1.18.1/plugins/com.st.stm32cube.ide.mcu.externaltools.gnu-tools-for-stm32.13.3.rel1.linux64_1.0.0.202410170706/tools/bin/../lib/gcc/arm-none-eabi/13.3.1/thumb/v7e-m+fp/hard/libgcc.a
LOAD /opt/st/stm32cubeide_1.18.1/plugins/com.st.stm32cube.ide.mcu.externaltools.gnu-tools-for-stm32.13.3.rel1.linux64_1.0.0.202410170706/tools/bin/../lib/gcc/arm-none-eabi/13.3.1/../../../../arm-none-eabi/lib/thumb/v7e-m+fp/hard/libc_nano.a
END GROUP
START GROUP
LOAD /opt/st/stm32cubeide_1.18.1/plugins/com.st.stm32cube.ide.mcu.externaltools.gnu-tools-for-stm32.13.3.rel1.linux64_1.0.0.202410170706/tools/bin/../lib/gcc/arm-none-eabi/13.3.1/thumb/v7e-m+fp/hard/libgcc.a
LOAD /opt/st/stm32cubeide_1.18.1/plugins/com.st.stm32cube.ide.mcu.externaltools.gnu-tools-for-stm32.13.3.rel1.linux64_1.0.0.202410170706/tools/bin/../lib/gcc/arm-none-eabi/13.3.1/../../../../arm-none-eabi/lib/thumb/v7e-m+fp/hard/libc_nano.a
LOAD /opt/st/stm32cubeide_1.18.1/plugins/com.st.stm32cube.ide.mcu.externaltools.gnu-tools-for-stm32.13.3.rel1.linux64_1.0.0.202410170706/tools/bin/../lib/gcc/arm-none-eabi/13.3.1/../../../../arm-none-eabi/lib/thumb/v7e-m+fp/hard/libnosys.a
END GROUP
START GROUP
LOAD /opt/st/stm32cubeide_1.18.1/plugins/com.st.stm32cube.ide.mcu.externaltools.gnu-tools-for-stm32.13.3.rel1.linux64_1.0.0.202410170706/tools/bin/../lib/gcc/arm-none-eabi/13.3.1/thumb/v7e-m+fp/hard/libgcc.a
LOAD /opt/st/stm32cubeide_1.18.1/plugins/com.st.stm32cube.ide.mcu.externaltools.gnu-tools-for-stm32.13.3.rel1.linux64_1.0.0.202410170706/tools/bin/../lib/gcc/arm-none-eabi/13.3.1/../../../../arm-none-eabi/lib/thumb/v7e-m+fp/hard/libc_nano.a
LOAD /opt/st/stm32cubeide_1.18.1/plugins/com.st.stm32cube.ide.mcu.externaltools.gnu-tools-for-stm32.13.3.rel1.linux64_1.0.0.202410170706/tools/bin/../lib/gcc/arm-none-eabi/13.3.1/../../../../arm-none-eabi/lib/thumb/v7e-m+fp/hard/libnosys.a
END GROUP
LOAD /opt/st/stm32cubeide_1.18.1/plugins/com.st.stm32cube.ide.mcu.externaltools.gnu-tools-for-stm32.13.3.rel1.linux64_1.0.0.202410170706/tools/bin/../lib/gcc/arm-none-eabi/13.3.1/thumb/v7e-m+fp/hard/crtend.o
LOAD /opt/st/stm32cubeide_1.18.1/plugins/com.st.stm32cube.ide.mcu.externaltools.gnu-tools-for-stm32.13.3.rel1.linux64_1.0.0.202410170706/tools/bin/../lib/gcc/arm-none-eabi/13.3.1/thumb/v7e-m+fp/hard/crtn.o
                0x20020000                        _estack = (ORIGIN (RAM) + LENGTH (RAM))
                0x00000200                        _Min_Heap_Size = 0x200
                0x00000400                        _Min_Stack_Size = 0x400

.isr_vector     0x08000000      0x188
                0x08000000                        . = ALIGN (0x4)
 *(.isr_vector)
 .isr_vector    0x08000000      0x188 ./Core/Startup/startup_stm32f407vgtx.o
                0x08000000                g_pfnVectors
                0x08000188                        . = ALIGN (0x4)

.text           0x08000190     0x9b04
                0x08000190                        . = ALIGN (0x4)
 *(.text)
 .text          0x08000190       0x40 /opt/st/stm32cubeide_1.18.1/plugins/com.st.stm32cube.ide.mcu.externaltools.gnu-tools-for-stm32.13.3.rel1.linux64_1.0.0.202410170706/tools/bin/../lib/gcc/arm-none-eabi/13.3.1/thumb/v7e-m+fp/hard/crtbegin.o
 .text          0x080001d0       0x30 /opt/st/stm32cubeide_1.18.1/plugins/com.st.stm32cube.ide.mcu.externaltools.gnu-tools-for-stm32.13.3.rel1.linux64_1.0.0.202410170706/tools/bin/../lib/gcc/arm-none-eabi/13.3.1/thumb/v7e-m+fp/hard/libgcc.a(_aeabi_uldivmod.o)
                0x080001d0                __aeabi_uldivmod
 .text          0x08000200      0x2f8 /opt/st/stm32cubeide_1.18.1/plugins/com.st.stm32cube.ide.mcu.externaltools.gnu-tools-for-stm32.13.3.rel1.linux64_1.0.0.202410170706/tools/bin/../lib/gcc/arm-none-eabi/13.3.1/thumb/v7e-m+fp/hard/libgcc.a(_udivmoddi4.o)
                0x08000200                __udivmoddi4
 .text          0x080004f8        0x4 /opt/st/stm32cubeide_1.18.1/plugins/com.st.stm32cube.ide.mcu.externaltools.gnu-tools-for-stm32.13.3.rel1.linux64_1.0.0.202410170706/tools/bin/../lib/gcc/arm-none-eabi/13.3.1/thumb/v7e-m+fp/hard/libgcc.a(_dvmd_tls.o)
                0x080004f8                __aeabi_ldiv0
                0x080004f8                __aeabi_idiv0
 *(.text*)
 .text.main     0x080004fc       0x60 ./Core/Src/main.o
                0x080004fc                main
 .text.SystemClock_Config
                0x0800055c       0xd4 ./Core/Src/main.o
                0x0800055c                SystemClock_Config
 .text.MX_CAN2_Init
                0x08000630       0x6c ./Core/Src/main.o
 .text.MX_TIM2_Init
                0x0800069c      0x148 ./Core/Src/main.o
 .text.MX_TIM5_Init
                0x080007e4      0x14c ./Core/Src/main.o
 .text.MX_GPIO_Init
                0x08000930       0xec ./Core/Src/main.o
 .text.HAL_TIM_IC_CaptureCallback
                0x08000a1c       0xe8 ./Core/Src/main.o
                0x08000a1c                HAL_TIM_IC_CaptureCallback
 .text.StartmicrorosTask
                0x08000b04       0x84 ./Core/Src/main.o
                0x08000b04                StartmicrorosTask
 .text.startmainTask
                0x08000b88       0xc8 ./Core/Src/main.o
                0x08000b88                startmainTask
 .text.HAL_TIM_PeriodElapsedCallback
                0x08000c50       0x24 ./Core/Src/main.o
                0x08000c50                HAL_TIM_PeriodElapsedCallback
 .text.Error_Handler
                0x08000c74        0xc ./Core/Src/main.o
                0x08000c74                Error_Handler
 .text.HAL_MspInit
                0x08000c80       0x58 ./Core/Src/stm32f4xx_hal_msp.o
                0x08000c80                HAL_MspInit
 .text.HAL_CAN_MspInit
                0x08000cd8       0xac ./Core/Src/stm32f4xx_hal_msp.o
                0x08000cd8                HAL_CAN_MspInit
 .text.HAL_TIM_Base_MspInit
                0x08000d84      0x114 ./Core/Src/stm32f4xx_hal_msp.o
                0x08000d84                HAL_TIM_Base_MspInit
 .text.HAL_InitTick
                0x08000e98       0xe8 ./Core/Src/stm32f4xx_hal_timebase_tim.o
                0x08000e98                HAL_InitTick
 .text.NMI_Handler
                0x08000f80        0x8 ./Core/Src/stm32f4xx_it.o
                0x08000f80                NMI_Handler
 .text.HardFault_Handler
                0x08000f88        0x8 ./Core/Src/stm32f4xx_it.o
                0x08000f88                HardFault_Handler
 .text.MemManage_Handler
                0x08000f90        0x8 ./Core/Src/stm32f4xx_it.o
                0x08000f90                MemManage_Handler
 .text.BusFault_Handler
                0x08000f98        0x8 ./Core/Src/stm32f4xx_it.o
                0x08000f98                BusFault_Handler
 .text.UsageFault_Handler
                0x08000fa0        0x8 ./Core/Src/stm32f4xx_it.o
                0x08000fa0                UsageFault_Handler
 .text.DebugMon_Handler
                0x08000fa8        0xe ./Core/Src/stm32f4xx_it.o
                0x08000fa8                DebugMon_Handler
 *fill*         0x08000fb6        0x2 
 .text.TIM1_UP_TIM10_IRQHandler
                0x08000fb8       0x14 ./Core/Src/stm32f4xx_it.o
                0x08000fb8                TIM1_UP_TIM10_IRQHandler
 .text.TIM2_IRQHandler
                0x08000fcc       0x14 ./Core/Src/stm32f4xx_it.o
                0x08000fcc                TIM2_IRQHandler
 .text.TIM5_IRQHandler
                0x08000fe0       0x14 ./Core/Src/stm32f4xx_it.o
                0x08000fe0                TIM5_IRQHandler
 .text.OTG_FS_IRQHandler
                0x08000ff4       0x14 ./Core/Src/stm32f4xx_it.o
                0x08000ff4                OTG_FS_IRQHandler
 .text.SystemInit
                0x08001008       0x24 ./Core/Src/system_stm32f4xx.o
                0x08001008                SystemInit
 .text.Reset_Handler
                0x0800102c       0x50 ./Core/Startup/startup_stm32f407vgtx.o
                0x0800102c                Reset_Handler
 .text.Default_Handler
                0x0800107c        0x2 ./Core/Startup/startup_stm32f407vgtx.o
                0x0800107c                RTC_Alarm_IRQHandler
                0x0800107c                HASH_RNG_IRQHandler
                0x0800107c                EXTI2_IRQHandler
                0x0800107c                TIM8_CC_IRQHandler
                0x0800107c                TIM1_CC_IRQHandler
                0x0800107c                DMA2_Stream5_IRQHandler
                0x0800107c                DMA1_Stream5_IRQHandler
                0x0800107c                PVD_IRQHandler
                0x0800107c                SDIO_IRQHandler
                0x0800107c                TAMP_STAMP_IRQHandler
                0x0800107c                CAN2_RX1_IRQHandler
                0x0800107c                EXTI3_IRQHandler
                0x0800107c                TIM8_TRG_COM_TIM14_IRQHandler
                0x0800107c                TIM8_UP_TIM13_IRQHandler
                0x0800107c                I2C3_ER_IRQHandler
                0x0800107c                EXTI0_IRQHandler
                0x0800107c                I2C2_EV_IRQHandler
                0x0800107c                DMA1_Stream2_IRQHandler
                0x0800107c                CAN1_RX0_IRQHandler
                0x0800107c                FPU_IRQHandler
                0x0800107c                OTG_HS_WKUP_IRQHandler
                0x0800107c                CAN2_SCE_IRQHandler
                0x0800107c                DMA2_Stream2_IRQHandler
                0x0800107c                SPI1_IRQHandler
                0x0800107c                TIM6_DAC_IRQHandler
                0x0800107c                TIM1_BRK_TIM9_IRQHandler
                0x0800107c                DCMI_IRQHandler
                0x0800107c                CAN2_RX0_IRQHandler
                0x0800107c                DMA2_Stream3_IRQHandler
                0x0800107c                USART6_IRQHandler
                0x0800107c                USART3_IRQHandler
                0x0800107c                CAN1_RX1_IRQHandler
                0x0800107c                UART5_IRQHandler
                0x0800107c                DMA2_Stream0_IRQHandler
                0x0800107c                TIM4_IRQHandler
                0x0800107c                I2C1_EV_IRQHandler
                0x0800107c                DMA1_Stream6_IRQHandler
                0x0800107c                DMA1_Stream1_IRQHandler
                0x0800107c                UART4_IRQHandler
                0x0800107c                TIM3_IRQHandler
                0x0800107c                RCC_IRQHandler
                0x0800107c                TIM8_BRK_TIM12_IRQHandler
                0x0800107c                Default_Handler
                0x0800107c                EXTI15_10_IRQHandler
                0x0800107c                ADC_IRQHandler
                0x0800107c                DMA1_Stream7_IRQHandler
                0x0800107c                TIM7_IRQHandler
                0x0800107c                CAN2_TX_IRQHandler
                0x0800107c                DMA2_Stream7_IRQHandler
                0x0800107c                I2C3_EV_IRQHandler
                0x0800107c                EXTI9_5_IRQHandler
                0x0800107c                RTC_WKUP_IRQHandler
                0x0800107c                ETH_WKUP_IRQHandler
                0x0800107c                SPI2_IRQHandler
                0x0800107c                OTG_HS_EP1_IN_IRQHandler
                0x0800107c                DMA1_Stream0_IRQHandler
                0x0800107c                CAN1_TX_IRQHandler
                0x0800107c                EXTI4_IRQHandler
                0x0800107c                FSMC_IRQHandler
                0x0800107c                ETH_IRQHandler
                0x0800107c                OTG_HS_EP1_OUT_IRQHandler
                0x0800107c                WWDG_IRQHandler
                0x0800107c                OTG_FS_WKUP_IRQHandler
                0x0800107c                TIM1_TRG_COM_TIM11_IRQHandler
                0x0800107c                OTG_HS_IRQHandler
                0x0800107c                EXTI1_IRQHandler
                0x0800107c                USART2_IRQHandler
                0x0800107c                I2C2_ER_IRQHandler
                0x0800107c                DMA2_Stream1_IRQHandler
                0x0800107c                CAN1_SCE_IRQHandler
                0x0800107c                FLASH_IRQHandler
                0x0800107c                DMA2_Stream4_IRQHandler
                0x0800107c                USART1_IRQHandler
                0x0800107c                SPI3_IRQHandler
                0x0800107c                DMA1_Stream4_IRQHandler
                0x0800107c                I2C1_ER_IRQHandler
                0x0800107c                DMA2_Stream6_IRQHandler
                0x0800107c                DMA1_Stream3_IRQHandler
 *fill*         0x0800107e        0x2 
 .text.HAL_Init
                0x08001080       0x44 ./Drivers/STM32F4xx_HAL_Driver/Src/stm32f4xx_hal.o
                0x08001080                HAL_Init
 .text.HAL_IncTick
                0x080010c4       0x28 ./Drivers/STM32F4xx_HAL_Driver/Src/stm32f4xx_hal.o
                0x080010c4                HAL_IncTick
 .text.HAL_GetTick
                0x080010ec       0x18 ./Drivers/STM32F4xx_HAL_Driver/Src/stm32f4xx_hal.o
                0x080010ec                HAL_GetTick
 .text.HAL_CAN_Init
                0x08001104      0x1f6 ./Drivers/STM32F4xx_HAL_Driver/Src/stm32f4xx_hal_can.o
                0x08001104                HAL_CAN_Init
 *fill*         0x080012fa        0x2 
 .text.HAL_CAN_ConfigFilter
                0x080012fc      0x1bc ./Drivers/STM32F4xx_HAL_Driver/Src/stm32f4xx_hal_can.o
                0x080012fc                HAL_CAN_ConfigFilter
 .text.HAL_CAN_Start
                0x080014b8       0x88 ./Drivers/STM32F4xx_HAL_Driver/Src/stm32f4xx_hal_can.o
                0x080014b8                HAL_CAN_Start
 .text.HAL_CAN_AddTxMessage
                0x08001540      0x1a0 ./Drivers/STM32F4xx_HAL_Driver/Src/stm32f4xx_hal_can.o
                0x08001540                HAL_CAN_AddTxMessage
 .text.HAL_CAN_GetTxMailboxesFreeLevel
                0x080016e0       0x6a ./Drivers/STM32F4xx_HAL_Driver/Src/stm32f4xx_hal_can.o
                0x080016e0                HAL_CAN_GetTxMailboxesFreeLevel
 *fill*         0x0800174a        0x2 
 .text.__NVIC_SetPriorityGrouping
                0x0800174c       0x48 ./Drivers/STM32F4xx_HAL_Driver/Src/stm32f4xx_hal_cortex.o
 .text.__NVIC_GetPriorityGrouping
                0x08001794       0x1c ./Drivers/STM32F4xx_HAL_Driver/Src/stm32f4xx_hal_cortex.o
 .text.__NVIC_EnableIRQ
                0x080017b0       0x3c ./Drivers/STM32F4xx_HAL_Driver/Src/stm32f4xx_hal_cortex.o
 .text.__NVIC_SetPriority
                0x080017ec       0x54 ./Drivers/STM32F4xx_HAL_Driver/Src/stm32f4xx_hal_cortex.o
 .text.NVIC_EncodePriority
                0x08001840       0x66 ./Drivers/STM32F4xx_HAL_Driver/Src/stm32f4xx_hal_cortex.o
 .text.HAL_NVIC_SetPriorityGrouping
                0x080018a6       0x16 ./Drivers/STM32F4xx_HAL_Driver/Src/stm32f4xx_hal_cortex.o
                0x080018a6                HAL_NVIC_SetPriorityGrouping
 .text.HAL_NVIC_SetPriority
                0x080018bc       0x38 ./Drivers/STM32F4xx_HAL_Driver/Src/stm32f4xx_hal_cortex.o
                0x080018bc                HAL_NVIC_SetPriority
 .text.HAL_NVIC_EnableIRQ
                0x080018f4       0x1c ./Drivers/STM32F4xx_HAL_Driver/Src/stm32f4xx_hal_cortex.o
                0x080018f4                HAL_NVIC_EnableIRQ
 .text.HAL_GPIO_Init
                0x08001910      0x338 ./Drivers/STM32F4xx_HAL_Driver/Src/stm32f4xx_hal_gpio.o
                0x08001910                HAL_GPIO_Init
 .text.HAL_GPIO_WritePin
                0x08001c48       0x32 ./Drivers/STM32F4xx_HAL_Driver/Src/stm32f4xx_hal_gpio.o
                0x08001c48                HAL_GPIO_WritePin
 .text.HAL_GPIO_TogglePin
                0x08001c7a       0x34 ./Drivers/STM32F4xx_HAL_Driver/Src/stm32f4xx_hal_gpio.o
                0x08001c7a                HAL_GPIO_TogglePin
 .text.HAL_PCD_IRQHandler
                0x08001cae      0x942 ./Drivers/STM32F4xx_HAL_Driver/Src/stm32f4xx_hal_pcd.o
                0x08001cae                HAL_PCD_IRQHandler
 .text.HAL_PCD_SetAddress
                0x080025f0       0x48 ./Drivers/STM32F4xx_HAL_Driver/Src/stm32f4xx_hal_pcd.o
                0x080025f0                HAL_PCD_SetAddress
 .text.HAL_PCD_EP_Open
                0x08002638       0xd4 ./Drivers/STM32F4xx_HAL_Driver/Src/stm32f4xx_hal_pcd.o
                0x08002638                HAL_PCD_EP_Open
 .text.HAL_PCD_EP_Receive
                0x0800270c       0x76 ./Drivers/STM32F4xx_HAL_Driver/Src/stm32f4xx_hal_pcd.o
                0x0800270c                HAL_PCD_EP_Receive
 .text.HAL_PCD_EP_Transmit
                0x08002782       0x74 ./Drivers/STM32F4xx_HAL_Driver/Src/stm32f4xx_hal_pcd.o
                0x08002782                HAL_PCD_EP_Transmit
 .text.HAL_PCD_EP_SetStall
                0x080027f6       0xc6 ./Drivers/STM32F4xx_HAL_Driver/Src/stm32f4xx_hal_pcd.o
                0x080027f6                HAL_PCD_EP_SetStall
 .text.HAL_PCD_EP_ClrStall
                0x080028bc       0xac ./Drivers/STM32F4xx_HAL_Driver/Src/stm32f4xx_hal_pcd.o
                0x080028bc                HAL_PCD_EP_ClrStall
 .text.HAL_PCD_EP_Abort
                0x08002968       0x62 ./Drivers/STM32F4xx_HAL_Driver/Src/stm32f4xx_hal_pcd.o
                0x08002968                HAL_PCD_EP_Abort
 .text.PCD_WriteEmptyTxFifo
                0x080029ca      0x118 ./Drivers/STM32F4xx_HAL_Driver/Src/stm32f4xx_hal_pcd.o
 *fill*         0x08002ae2        0x2 
 .text.PCD_EP_OutXfrComplete_int
                0x08002ae4      0x1d0 ./Drivers/STM32F4xx_HAL_Driver/Src/stm32f4xx_hal_pcd.o
 .text.PCD_EP_OutSetupPacket_int
                0x08002cb4       0x8c ./Drivers/STM32F4xx_HAL_Driver/Src/stm32f4xx_hal_pcd.o
 .text.HAL_PCDEx_LPM_Callback
                0x08002d40       0x18 ./Drivers/STM32F4xx_HAL_Driver/Src/stm32f4xx_hal_pcd_ex.o
                0x08002d40                HAL_PCDEx_LPM_Callback
 .text.HAL_RCC_OscConfig
                0x08002d58      0x4f0 ./Drivers/STM32F4xx_HAL_Driver/Src/stm32f4xx_hal_rcc.o
                0x08002d58                HAL_RCC_OscConfig
 .text.HAL_RCC_ClockConfig
                0x08003248      0x1cc ./Drivers/STM32F4xx_HAL_Driver/Src/stm32f4xx_hal_rcc.o
                0x08003248                HAL_RCC_ClockConfig
 .text.HAL_RCC_GetSysClockFreq
                0x08003414      0x18c ./Drivers/STM32F4xx_HAL_Driver/Src/stm32f4xx_hal_rcc.o
                0x08003414                HAL_RCC_GetSysClockFreq
 .text.HAL_RCC_GetHCLKFreq
                0x080035a0       0x18 ./Drivers/STM32F4xx_HAL_Driver/Src/stm32f4xx_hal_rcc.o
                0x080035a0                HAL_RCC_GetHCLKFreq
 .text.HAL_RCC_GetPCLK2Freq
                0x080035b8       0x28 ./Drivers/STM32F4xx_HAL_Driver/Src/stm32f4xx_hal_rcc.o
                0x080035b8                HAL_RCC_GetPCLK2Freq
 .text.HAL_RCC_GetClockConfig
                0x080035e0       0x64 ./Drivers/STM32F4xx_HAL_Driver/Src/stm32f4xx_hal_rcc.o
                0x080035e0                HAL_RCC_GetClockConfig
 .text.HAL_TIM_Base_Init
                0x08003644       0x9e ./Drivers/STM32F4xx_HAL_Driver/Src/stm32f4xx_hal_tim.o
                0x08003644                HAL_TIM_Base_Init
 *fill*         0x080036e2        0x2 
 .text.HAL_TIM_Base_Start_IT
                0x080036e4       0xe0 ./Drivers/STM32F4xx_HAL_Driver/Src/stm32f4xx_hal_tim.o
                0x080036e4                HAL_TIM_Base_Start_IT
 .text.HAL_TIM_IC_Init
                0x080037c4       0x9e ./Drivers/STM32F4xx_HAL_Driver/Src/stm32f4xx_hal_tim.o
                0x080037c4                HAL_TIM_IC_Init
 .text.HAL_TIM_IC_MspInit
                0x08003862       0x14 ./Drivers/STM32F4xx_HAL_Driver/Src/stm32f4xx_hal_tim.o
                0x08003862                HAL_TIM_IC_MspInit
 *fill*         0x08003876        0x2 
 .text.HAL_TIM_IC_Start
                0x08003878      0x1b8 ./Drivers/STM32F4xx_HAL_Driver/Src/stm32f4xx_hal_tim.o
                0x08003878                HAL_TIM_IC_Start
 .text.HAL_TIM_IC_Start_IT
                0x08003a30      0x250 ./Drivers/STM32F4xx_HAL_Driver/Src/stm32f4xx_hal_tim.o
                0x08003a30                HAL_TIM_IC_Start_IT
 .text.HAL_TIM_IRQHandler
                0x08003c80      0x1e0 ./Drivers/STM32F4xx_HAL_Driver/Src/stm32f4xx_hal_tim.o
                0x08003c80                HAL_TIM_IRQHandler
 .text.HAL_TIM_IC_ConfigChannel
                0x08003e60      0x138 ./Drivers/STM32F4xx_HAL_Driver/Src/stm32f4xx_hal_tim.o
                0x08003e60                HAL_TIM_IC_ConfigChannel
 .text.HAL_TIM_ConfigClockSource
                0x08003f98      0x18e ./Drivers/STM32F4xx_HAL_Driver/Src/stm32f4xx_hal_tim.o
                0x08003f98                HAL_TIM_ConfigClockSource
 .text.HAL_TIM_SlaveConfigSynchro
                0x08004126       0x84 ./Drivers/STM32F4xx_HAL_Driver/Src/stm32f4xx_hal_tim.o
                0x08004126                HAL_TIM_SlaveConfigSynchro
 *fill*         0x080041aa        0x2 
 .text.HAL_TIM_ReadCapturedValue
                0x080041ac       0x88 ./Drivers/STM32F4xx_HAL_Driver/Src/stm32f4xx_hal_tim.o
                0x080041ac                HAL_TIM_ReadCapturedValue
 .text.HAL_TIM_OC_DelayElapsedCallback
                0x08004234       0x14 ./Drivers/STM32F4xx_HAL_Driver/Src/stm32f4xx_hal_tim.o
                0x08004234                HAL_TIM_OC_DelayElapsedCallback
 .text.HAL_TIM_PWM_PulseFinishedCallback
                0x08004248       0x14 ./Drivers/STM32F4xx_HAL_Driver/Src/stm32f4xx_hal_tim.o
                0x08004248                HAL_TIM_PWM_PulseFinishedCallback
 .text.HAL_TIM_TriggerCallback
                0x0800425c       0x14 ./Drivers/STM32F4xx_HAL_Driver/Src/stm32f4xx_hal_tim.o
                0x0800425c                HAL_TIM_TriggerCallback
 .text.TIM_Base_SetConfig
                0x08004270      0x14c ./Drivers/STM32F4xx_HAL_Driver/Src/stm32f4xx_hal_tim.o
                0x08004270                TIM_Base_SetConfig
 .text.TIM_SlaveTimer_SetConfig
                0x080043bc      0x122 ./Drivers/STM32F4xx_HAL_Driver/Src/stm32f4xx_hal_tim.o
 *fill*         0x080044de        0x2 
 .text.TIM_TI1_SetConfig
                0x080044e0       0xe8 ./Drivers/STM32F4xx_HAL_Driver/Src/stm32f4xx_hal_tim.o
                0x080044e0                TIM_TI1_SetConfig
 .text.TIM_TI1_ConfigInputStage
                0x080045c8       0x5e ./Drivers/STM32F4xx_HAL_Driver/Src/stm32f4xx_hal_tim.o
 .text.TIM_TI2_SetConfig
                0x08004626       0x7a ./Drivers/STM32F4xx_HAL_Driver/Src/stm32f4xx_hal_tim.o
 .text.TIM_TI2_ConfigInputStage
                0x080046a0       0x60 ./Drivers/STM32F4xx_HAL_Driver/Src/stm32f4xx_hal_tim.o
 .text.TIM_TI3_SetConfig
                0x08004700       0x78 ./Drivers/STM32F4xx_HAL_Driver/Src/stm32f4xx_hal_tim.o
 .text.TIM_TI4_SetConfig
                0x08004778       0x7a ./Drivers/STM32F4xx_HAL_Driver/Src/stm32f4xx_hal_tim.o
 .text.TIM_ITRx_SetConfig
                0x080047f2       0x36 ./Drivers/STM32F4xx_HAL_Driver/Src/stm32f4xx_hal_tim.o
 .text.TIM_ETR_SetConfig
                0x08004828       0x40 ./Drivers/STM32F4xx_HAL_Driver/Src/stm32f4xx_hal_tim.o
                0x08004828                TIM_ETR_SetConfig
 .text.TIM_CCxChannelCmd
                0x08004868       0x4a ./Drivers/STM32F4xx_HAL_Driver/Src/stm32f4xx_hal_tim.o
                0x08004868                TIM_CCxChannelCmd
 *fill*         0x080048b2        0x2 
 .text.HAL_TIMEx_MasterConfigSynchronization
                0x080048b4       0xf8 ./Drivers/STM32F4xx_HAL_Driver/Src/stm32f4xx_hal_tim_ex.o
                0x080048b4                HAL_TIMEx_MasterConfigSynchronization
 .text.HAL_TIMEx_CommutCallback
                0x080049ac       0x14 ./Drivers/STM32F4xx_HAL_Driver/Src/stm32f4xx_hal_tim_ex.o
                0x080049ac                HAL_TIMEx_CommutCallback
 .text.HAL_TIMEx_BreakCallback
                0x080049c0       0x14 ./Drivers/STM32F4xx_HAL_Driver/Src/stm32f4xx_hal_tim_ex.o
                0x080049c0                HAL_TIMEx_BreakCallback
 .text.USB_SetTurnaroundTime
                0x080049d4      0x144 ./Drivers/STM32F4xx_HAL_Driver/Src/stm32f4xx_ll_usb.o
                0x080049d4                USB_SetTurnaroundTime
 .text.USB_FlushTxFifo
                0x08004b18       0x64 ./Drivers/STM32F4xx_HAL_Driver/Src/stm32f4xx_ll_usb.o
                0x08004b18                USB_FlushTxFifo
 .text.USB_GetDevSpeed
                0x08004b7c       0x4a ./Drivers/STM32F4xx_HAL_Driver/Src/stm32f4xx_ll_usb.o
                0x08004b7c                USB_GetDevSpeed
 .text.USB_ActivateEndpoint
                0x08004bc6      0x10e ./Drivers/STM32F4xx_HAL_Driver/Src/stm32f4xx_ll_usb.o
                0x08004bc6                USB_ActivateEndpoint
 .text.USB_EPStartXfer
                0x08004cd4      0x53c ./Drivers/STM32F4xx_HAL_Driver/Src/stm32f4xx_ll_usb.o
                0x08004cd4                USB_EPStartXfer
 .text.USB_EPStopXfer
                0x08005210      0x154 ./Drivers/STM32F4xx_HAL_Driver/Src/stm32f4xx_ll_usb.o
                0x08005210                USB_EPStopXfer
 .text.USB_WritePacket
                0x08005364       0x7c ./Drivers/STM32F4xx_HAL_Driver/Src/stm32f4xx_ll_usb.o
                0x08005364                USB_WritePacket
 .text.USB_ReadPacket
                0x080053e0       0xb0 ./Drivers/STM32F4xx_HAL_Driver/Src/stm32f4xx_ll_usb.o
                0x080053e0                USB_ReadPacket
 .text.USB_EPSetStall
                0x08005490       0xdc ./Drivers/STM32F4xx_HAL_Driver/Src/stm32f4xx_ll_usb.o
                0x08005490                USB_EPSetStall
 .text.USB_EPClearStall
                0x0800556c       0xcc ./Drivers/STM32F4xx_HAL_Driver/Src/stm32f4xx_ll_usb.o
                0x0800556c                USB_EPClearStall
 .text.USB_SetDevAddress
                0x08005638       0x4c ./Drivers/STM32F4xx_HAL_Driver/Src/stm32f4xx_ll_usb.o
                0x08005638                USB_SetDevAddress
 .text.USB_ReadInterrupts
                0x08005684       0x26 ./Drivers/STM32F4xx_HAL_Driver/Src/stm32f4xx_ll_usb.o
                0x08005684                USB_ReadInterrupts
 .text.USB_ReadDevAllOutEpInterrupt
                0x080056aa       0x34 ./Drivers/STM32F4xx_HAL_Driver/Src/stm32f4xx_ll_usb.o
                0x080056aa                USB_ReadDevAllOutEpInterrupt
 .text.USB_ReadDevAllInEpInterrupt
                0x080056de       0x34 ./Drivers/STM32F4xx_HAL_Driver/Src/stm32f4xx_ll_usb.o
                0x080056de                USB_ReadDevAllInEpInterrupt
 .text.USB_ReadDevOutEPInterrupt
                0x08005712       0x3c ./Drivers/STM32F4xx_HAL_Driver/Src/stm32f4xx_ll_usb.o
                0x08005712                USB_ReadDevOutEPInterrupt
 .text.USB_ReadDevInEPInterrupt
                0x0800574e       0x5c ./Drivers/STM32F4xx_HAL_Driver/Src/stm32f4xx_ll_usb.o
                0x0800574e                USB_ReadDevInEPInterrupt
 .text.USB_GetMode
                0x080057aa       0x1c ./Drivers/STM32F4xx_HAL_Driver/Src/stm32f4xx_ll_usb.o
                0x080057aa                USB_GetMode
 .text.USB_ActivateSetup
                0x080057c6       0x46 ./Drivers/STM32F4xx_HAL_Driver/Src/stm32f4xx_ll_usb.o
                0x080057c6                USB_ActivateSetup
 .text.USB_EP0_OutStart
                0x0800580c       0xbc ./Drivers/STM32F4xx_HAL_Driver/Src/stm32f4xx_ll_usb.o
                0x0800580c                USB_EP0_OutStart
 .text.USBD_RunTestMode
                0x080058c8       0x16 ./Middlewares/ST/STM32_USB_Device_Library/Core/Src/usbd_core.o
                0x080058c8                USBD_RunTestMode
 .text.USBD_SetClassConfig
                0x080058de       0x38 ./Middlewares/ST/STM32_USB_Device_Library/Core/Src/usbd_core.o
                0x080058de                USBD_SetClassConfig
 .text.USBD_ClrClassConfig
                0x08005916       0x34 ./Middlewares/ST/STM32_USB_Device_Library/Core/Src/usbd_core.o
                0x08005916                USBD_ClrClassConfig
 .text.USBD_LL_SetupStage
                0x0800594a       0xaa ./Middlewares/ST/STM32_USB_Device_Library/Core/Src/usbd_core.o
                0x0800594a                USBD_LL_SetupStage
 .text.USBD_LL_DataOutStage
                0x080059f4      0x178 ./Middlewares/ST/STM32_USB_Device_Library/Core/Src/usbd_core.o
                0x080059f4                USBD_LL_DataOutStage
 .text.USBD_LL_DataInStage
                0x08005b6c      0x176 ./Middlewares/ST/STM32_USB_Device_Library/Core/Src/usbd_core.o
                0x08005b6c                USBD_LL_DataInStage
 .text.USBD_LL_Reset
                0x08005ce2       0xa6 ./Middlewares/ST/STM32_USB_Device_Library/Core/Src/usbd_core.o
                0x08005ce2                USBD_LL_Reset
 .text.USBD_LL_SetSpeed
                0x08005d88       0x20 ./Middlewares/ST/STM32_USB_Device_Library/Core/Src/usbd_core.o
                0x08005d88                USBD_LL_SetSpeed
 .text.USBD_LL_Suspend
                0x08005da8       0x38 ./Middlewares/ST/STM32_USB_Device_Library/Core/Src/usbd_core.o
                0x08005da8                USBD_LL_Suspend
 .text.USBD_LL_Resume
                0x08005de0       0x30 ./Middlewares/ST/STM32_USB_Device_Library/Core/Src/usbd_core.o
                0x08005de0                USBD_LL_Resume
 .text.USBD_LL_SOF
                0x08005e10       0x40 ./Middlewares/ST/STM32_USB_Device_Library/Core/Src/usbd_core.o
                0x08005e10                USBD_LL_SOF
 .text.USBD_LL_IsoINIncomplete
                0x08005e50       0x64 ./Middlewares/ST/STM32_USB_Device_Library/Core/Src/usbd_core.o
                0x08005e50                USBD_LL_IsoINIncomplete
 .text.USBD_LL_IsoOUTIncomplete
                0x08005eb4       0x64 ./Middlewares/ST/STM32_USB_Device_Library/Core/Src/usbd_core.o
                0x08005eb4                USBD_LL_IsoOUTIncomplete
 .text.USBD_LL_DevConnected
                0x08005f18       0x16 ./Middlewares/ST/STM32_USB_Device_Library/Core/Src/usbd_core.o
                0x08005f18                USBD_LL_DevConnected
 .text.USBD_LL_DevDisconnected
                0x08005f2e       0x46 ./Middlewares/ST/STM32_USB_Device_Library/Core/Src/usbd_core.o
                0x08005f2e                USBD_LL_DevDisconnected
 .text.USBD_CoreFindIF
                0x08005f74       0x1a ./Middlewares/ST/STM32_USB_Device_Library/Core/Src/usbd_core.o
                0x08005f74                USBD_CoreFindIF
 .text.USBD_CoreFindEP
                0x08005f8e       0x1a ./Middlewares/ST/STM32_USB_Device_Library/Core/Src/usbd_core.o
                0x08005f8e                USBD_CoreFindEP
 .text.SWAPBYTE
                0x08005fa8       0x3e ./Middlewares/ST/STM32_USB_Device_Library/Core/Src/usbd_ctlreq.o
 *fill*         0x08005fe6        0x2 
 .text.USBD_StdDevReq
                0x08005fe8       0xe4 ./Middlewares/ST/STM32_USB_Device_Library/Core/Src/usbd_ctlreq.o
                0x08005fe8                USBD_StdDevReq
 .text.USBD_StdItfReq
                0x080060cc       0xd8 ./Middlewares/ST/STM32_USB_Device_Library/Core/Src/usbd_ctlreq.o
                0x080060cc                USBD_StdItfReq
 .text.USBD_StdEPReq
                0x080061a4      0x33e ./Middlewares/ST/STM32_USB_Device_Library/Core/Src/usbd_ctlreq.o
                0x080061a4                USBD_StdEPReq
 *fill*         0x080064e2        0x2 
 .text.USBD_GetDescriptor
                0x080064e4      0x2d4 ./Middlewares/ST/STM32_USB_Device_Library/Core/Src/usbd_ctlreq.o
 .text.USBD_SetAddress
                0x080067b8       0x88 ./Middlewares/ST/STM32_USB_Device_Library/Core/Src/usbd_ctlreq.o
 .text.USBD_SetConfig
                0x08006840      0x154 ./Middlewares/ST/STM32_USB_Device_Library/Core/Src/usbd_ctlreq.o
 .text.USBD_GetConfig
                0x08006994       0x6c ./Middlewares/ST/STM32_USB_Device_Library/Core/Src/usbd_ctlreq.o
 .text.USBD_GetStatus
                0x08006a00       0x68 ./Middlewares/ST/STM32_USB_Device_Library/Core/Src/usbd_ctlreq.o
 .text.USBD_SetFeature
                0x08006a68       0x52 ./Middlewares/ST/STM32_USB_Device_Library/Core/Src/usbd_ctlreq.o
 .text.USBD_ClrFeature
                0x08006aba       0x44 ./Middlewares/ST/STM32_USB_Device_Library/Core/Src/usbd_ctlreq.o
 .text.USBD_ParseSetupRequest
                0x08006afe       0x74 ./Middlewares/ST/STM32_USB_Device_Library/Core/Src/usbd_ctlreq.o
                0x08006afe                USBD_ParseSetupRequest
 .text.USBD_CtlError
                0x08006b72       0x22 ./Middlewares/ST/STM32_USB_Device_Library/Core/Src/usbd_ctlreq.o
                0x08006b72                USBD_CtlError
 .text.USBD_CtlSendData
                0x08006b94       0x3c ./Middlewares/ST/STM32_USB_Device_Library/Core/Src/usbd_ioreq.o
                0x08006b94                USBD_CtlSendData
 .text.USBD_CtlContinueSendData
                0x08006bd0       0x22 ./Middlewares/ST/STM32_USB_Device_Library/Core/Src/usbd_ioreq.o
                0x08006bd0                USBD_CtlContinueSendData
 .text.USBD_CtlContinueRx
                0x08006bf2       0x22 ./Middlewares/ST/STM32_USB_Device_Library/Core/Src/usbd_ioreq.o
                0x08006bf2                USBD_CtlContinueRx
 .text.USBD_CtlSendStatus
                0x08006c14       0x26 ./Middlewares/ST/STM32_USB_Device_Library/Core/Src/usbd_ioreq.o
                0x08006c14                USBD_CtlSendStatus
 .text.USBD_CtlReceiveStatus
                0x08006c3a       0x26 ./Middlewares/ST/STM32_USB_Device_Library/Core/Src/usbd_ioreq.o
                0x08006c3a                USBD_CtlReceiveStatus
 .text.__NVIC_SetPriority
                0x08006c60       0x54 ./Middlewares/Third_Party/FreeRTOS/Source/CMSIS_RTOS_V2/cmsis_os2.o
 .text.SysTick_Handler
                0x08006cb4       0x20 ./Middlewares/Third_Party/FreeRTOS/Source/CMSIS_RTOS_V2/cmsis_os2.o
                0x08006cb4                SysTick_Handler
 .text.SVC_Setup
                0x08006cd4       0x12 ./Middlewares/Third_Party/FreeRTOS/Source/CMSIS_RTOS_V2/cmsis_os2.o
 *fill*         0x08006ce6        0x2 
 .text.osKernelInitialize
                0x08006ce8       0x48 ./Middlewares/Third_Party/FreeRTOS/Source/CMSIS_RTOS_V2/cmsis_os2.o
                0x08006ce8                osKernelInitialize
 .text.osKernelStart
                0x08006d30       0x4c ./Middlewares/Third_Party/FreeRTOS/Source/CMSIS_RTOS_V2/cmsis_os2.o
                0x08006d30                osKernelStart
 .text.osThreadNew
                0x08006d7c      0x124 ./Middlewares/Third_Party/FreeRTOS/Source/CMSIS_RTOS_V2/cmsis_os2.o
                0x08006d7c                osThreadNew
 .text.osDelay  0x08006ea0       0x36 ./Middlewares/Third_Party/FreeRTOS/Source/CMSIS_RTOS_V2/cmsis_os2.o
                0x08006ea0                osDelay
 *fill*         0x08006ed6        0x2 
 .text.vApplicationGetIdleTaskMemory
                0x08006ed8       0x34 ./Middlewares/Third_Party/FreeRTOS/Source/CMSIS_RTOS_V2/cmsis_os2.o
                0x08006ed8                vApplicationGetIdleTaskMemory
 .text.vApplicationGetTimerTaskMemory
                0x08006f0c       0x34 ./Middlewares/Third_Party/FreeRTOS/Source/CMSIS_RTOS_V2/cmsis_os2.o
                0x08006f0c                vApplicationGetTimerTaskMemory
 .text.vListInitialise
                0x08006f40       0x40 ./Middlewares/Third_Party/FreeRTOS/Source/list.o
                0x08006f40                vListInitialise
 .text.vListInitialiseItem
                0x08006f80       0x1a ./Middlewares/Third_Party/FreeRTOS/Source/list.o
                0x08006f80                vListInitialiseItem
 .text.vListInsertEnd
                0x08006f9a       0x48 ./Middlewares/Third_Party/FreeRTOS/Source/list.o
                0x08006f9a                vListInsertEnd
 .text.vListInsert
                0x08006fe2       0x72 ./Middlewares/Third_Party/FreeRTOS/Source/list.o
                0x08006fe2                vListInsert
 .text.uxListRemove
                0x08007054       0x54 ./Middlewares/Third_Party/FreeRTOS/Source/list.o
                0x08007054                uxListRemove
 .text.xQueueGenericReset
                0x080070a8       0xd4 ./Middlewares/Third_Party/FreeRTOS/Source/queue.o
                0x080070a8                xQueueGenericReset
 .text.xQueueGenericCreateStatic
                0x0800717c       0xfa ./Middlewares/Third_Party/FreeRTOS/Source/queue.o
                0x0800717c                xQueueGenericCreateStatic
 .text.prvInitialiseNewQueue
                0x08007276       0x46 ./Middlewares/Third_Party/FreeRTOS/Source/queue.o
 .text.xQueueGenericSend
                0x080072bc      0x204 ./Middlewares/Third_Party/FreeRTOS/Source/queue.o
                0x080072bc                xQueueGenericSend
 .text.xQueueGenericSendFromISR
                0x080074c0      0x13c ./Middlewares/Third_Party/FreeRTOS/Source/queue.o
                0x080074c0                xQueueGenericSendFromISR
 .text.xQueueReceive
                0x080075fc      0x1c4 ./Middlewares/Third_Party/FreeRTOS/Source/queue.o
                0x080075fc                xQueueReceive
 .text.prvCopyDataToQueue
                0x080077c0       0xd4 ./Middlewares/Third_Party/FreeRTOS/Source/queue.o
 .text.prvCopyDataFromQueue
                0x08007894       0x4c ./Middlewares/Third_Party/FreeRTOS/Source/queue.o
 .text.prvUnlockQueue
                0x080078e0       0xa4 ./Middlewares/Third_Party/FreeRTOS/Source/queue.o
 .text.prvIsQueueEmpty
                0x08007984       0x2c ./Middlewares/Third_Party/FreeRTOS/Source/queue.o
 .text.prvIsQueueFull
                0x080079b0       0x30 ./Middlewares/Third_Party/FreeRTOS/Source/queue.o
 .text.vQueueAddToRegistry
                0x080079e0       0x54 ./Middlewares/Third_Party/FreeRTOS/Source/queue.o
                0x080079e0                vQueueAddToRegistry
 .text.vQueueWaitForMessageRestricted
                0x08007a34       0x68 ./Middlewares/Third_Party/FreeRTOS/Source/queue.o
                0x08007a34                vQueueWaitForMessageRestricted
 .text.xTaskCreateStatic
                0x08007a9c       0xc0 ./Middlewares/Third_Party/FreeRTOS/Source/tasks.o
                0x08007a9c                xTaskCreateStatic
 .text.xTaskCreate
                0x08007b5c       0x8a ./Middlewares/Third_Party/FreeRTOS/Source/tasks.o
                0x08007b5c                xTaskCreate
 .text.prvInitialiseNewTask
                0x08007be6      0x120 ./Middlewares/Third_Party/FreeRTOS/Source/tasks.o
 *fill*         0x08007d06        0x2 
 .text.prvAddNewTaskToReadyList
                0x08007d08       0xe0 ./Middlewares/Third_Party/FreeRTOS/Source/tasks.o
 .text.vTaskDelay
                0x08007de8       0x6c ./Middlewares/Third_Party/FreeRTOS/Source/tasks.o
                0x08007de8                vTaskDelay
 .text.vTaskStartScheduler
                0x08007e54       0xd0 ./Middlewares/Third_Party/FreeRTOS/Source/tasks.o
                0x08007e54                vTaskStartScheduler
 .text.vTaskSuspendAll
                0x08007f24       0x1c ./Middlewares/Third_Party/FreeRTOS/Source/tasks.o
                0x08007f24                vTaskSuspendAll
 .text.xTaskResumeAll
                0x08007f40      0x13c ./Middlewares/Third_Party/FreeRTOS/Source/tasks.o
                0x08007f40                xTaskResumeAll
 .text.xTaskGetTickCount
                0x0800807c       0x20 ./Middlewares/Third_Party/FreeRTOS/Source/tasks.o
                0x0800807c                xTaskGetTickCount
 .text.xTaskIncrementTick
                0x0800809c      0x174 ./Middlewares/Third_Party/FreeRTOS/Source/tasks.o
                0x0800809c                xTaskIncrementTick
 .text.vTaskSwitchContext
                0x08008210       0xbc ./Middlewares/Third_Party/FreeRTOS/Source/tasks.o
                0x08008210                vTaskSwitchContext
 .text.vTaskPlaceOnEventList
                0x080082cc       0x4c ./Middlewares/Third_Party/FreeRTOS/Source/tasks.o
                0x080082cc                vTaskPlaceOnEventList
 .text.vTaskPlaceOnEventListRestricted
                0x08008318       0x58 ./Middlewares/Third_Party/FreeRTOS/Source/tasks.o
                0x08008318                vTaskPlaceOnEventListRestricted
 .text.xTaskRemoveFromEventList
                0x08008370       0xc8 ./Middlewares/Third_Party/FreeRTOS/Source/tasks.o
                0x08008370                xTaskRemoveFromEventList
 .text.vTaskInternalSetTimeOutState
                0x08008438       0x2c ./Middlewares/Third_Party/FreeRTOS/Source/tasks.o
                0x08008438                vTaskInternalSetTimeOutState
 .text.xTaskCheckForTimeOut
                0x08008464       0xc8 ./Middlewares/Third_Party/FreeRTOS/Source/tasks.o
                0x08008464                xTaskCheckForTimeOut
 .text.vTaskMissedYield
                0x0800852c       0x18 ./Middlewares/Third_Party/FreeRTOS/Source/tasks.o
                0x0800852c                vTaskMissedYield
 .text.prvIdleTask
                0x08008544       0x30 ./Middlewares/Third_Party/FreeRTOS/Source/tasks.o
 .text.prvInitialiseTaskLists
                0x08008574       0x80 ./Middlewares/Third_Party/FreeRTOS/Source/tasks.o
 .text.prvCheckTasksWaitingTermination
                0x080085f4       0x5c ./Middlewares/Third_Party/FreeRTOS/Source/tasks.o
 .text.prvDeleteTCB
                0x08008650       0x60 ./Middlewares/Third_Party/FreeRTOS/Source/tasks.o
 .text.prvResetNextTaskUnblockTime
                0x080086b0       0x40 ./Middlewares/Third_Party/FreeRTOS/Source/tasks.o
 .text.xTaskGetSchedulerState
                0x080086f0       0x3c ./Middlewares/Third_Party/FreeRTOS/Source/tasks.o
                0x080086f0                xTaskGetSchedulerState
 .text.xTaskPriorityDisinherit
                0x0800872c       0xe0 ./Middlewares/Third_Party/FreeRTOS/Source/tasks.o
                0x0800872c                xTaskPriorityDisinherit
 .text.prvAddCurrentTaskToDelayedList
                0x0800880c       0xa8 ./Middlewares/Third_Party/FreeRTOS/Source/tasks.o
 .text.xTimerCreateTimerTask
                0x080088b4       0x94 ./Middlewares/Third_Party/FreeRTOS/Source/timers.o
                0x080088b4                xTimerCreateTimerTask
 .text.xTimerGenericCommand
                0x08008948       0x9c ./Middlewares/Third_Party/FreeRTOS/Source/timers.o
                0x08008948                xTimerGenericCommand
 .text.prvProcessExpiredTimer
                0x080089e4       0x9c ./Middlewares/Third_Party/FreeRTOS/Source/timers.o
 .text.prvTimerTask
                0x08008a80       0x26 ./Middlewares/Third_Party/FreeRTOS/Source/timers.o
 *fill*         0x08008aa6        0x2 
 .text.prvProcessTimerOrBlockTask
                0x08008aa8       0x9c ./Middlewares/Third_Party/FreeRTOS/Source/timers.o
 .text.prvGetNextExpireTime
                0x08008b44       0x48 ./Middlewares/Third_Party/FreeRTOS/Source/timers.o
 .text.prvSampleTimeNow
                0x08008b8c       0x40 ./Middlewares/Third_Party/FreeRTOS/Source/timers.o
 .text.prvInsertTimerInActiveList
                0x08008bcc       0x84 ./Middlewares/Third_Party/FreeRTOS/Source/timers.o
 .text.prvProcessReceivedCommands
                0x08008c50      0x1cc ./Middlewares/Third_Party/FreeRTOS/Source/timers.o
 .text.prvSwitchTimerLists
                0x08008e1c       0xcc ./Middlewares/Third_Party/FreeRTOS/Source/timers.o
 .text.prvCheckForValidListAndQueue
                0x08008ee8       0x80 ./Middlewares/Third_Party/FreeRTOS/Source/timers.o
 .text.pxPortInitialiseStack
                0x08008f68       0x68 ./Middlewares/Third_Party/FreeRTOS/Source/portable/GCC/ARM_CM4F/port.o
                0x08008f68                pxPortInitialiseStack
 .text.prvTaskExitError
                0x08008fd0       0x5c ./Middlewares/Third_Party/FreeRTOS/Source/portable/GCC/ARM_CM4F/port.o
 *fill*         0x0800902c        0x4 
 .text.SVC_Handler
                0x08009030       0x28 ./Middlewares/Third_Party/FreeRTOS/Source/portable/GCC/ARM_CM4F/port.o
                0x08009030                SVC_Handler
 .text.prvPortStartFirstTask
                0x08009058       0x28 ./Middlewares/Third_Party/FreeRTOS/Source/portable/GCC/ARM_CM4F/port.o
 .text.xPortStartScheduler
                0x08009080      0x148 ./Middlewares/Third_Party/FreeRTOS/Source/portable/GCC/ARM_CM4F/port.o
                0x08009080                xPortStartScheduler
 .text.vPortEnterCritical
                0x080091c8       0x64 ./Middlewares/Third_Party/FreeRTOS/Source/portable/GCC/ARM_CM4F/port.o
                0x080091c8                vPortEnterCritical
 .text.vPortExitCritical
                0x0800922c       0x54 ./Middlewares/Third_Party/FreeRTOS/Source/portable/GCC/ARM_CM4F/port.o
                0x0800922c                vPortExitCritical
 .text.PendSV_Handler
                0x08009280       0x68 ./Middlewares/Third_Party/FreeRTOS/Source/portable/GCC/ARM_CM4F/port.o
                0x08009280                PendSV_Handler
 .text.xPortSysTickHandler
                0x080092e8       0x44 ./Middlewares/Third_Party/FreeRTOS/Source/portable/GCC/ARM_CM4F/port.o
                0x080092e8                xPortSysTickHandler
 .text.vPortSetupTimerInterrupt
                0x0800932c       0x48 ./Middlewares/Third_Party/FreeRTOS/Source/portable/GCC/ARM_CM4F/port.o
                0x0800932c                vPortSetupTimerInterrupt
 .text.vPortEnableVFP
                0x08009374       0x14 ./Middlewares/Third_Party/FreeRTOS/Source/portable/GCC/ARM_CM4F/port.o
 .text.vPortValidateInterruptPriority
                0x08009388       0x84 ./Middlewares/Third_Party/FreeRTOS/Source/portable/GCC/ARM_CM4F/port.o
                0x08009388                vPortValidateInterruptPriority
 .text.pvPortMalloc
                0x0800940c      0x19c ./Middlewares/Third_Party/FreeRTOS/Source/portable/MemMang/heap_4.o
                0x0800940c                pvPortMalloc
 .text.vPortFree
                0x080095a8       0xc8 ./Middlewares/Third_Party/FreeRTOS/Source/portable/MemMang/heap_4.o
                0x080095a8                vPortFree
 .text.prvHeapInit
                0x08009670       0xc4 ./Middlewares/Third_Party/FreeRTOS/Source/portable/MemMang/heap_4.o
 .text.prvInsertBlockIntoFreeList
                0x08009734       0xb4 ./Middlewares/Third_Party/FreeRTOS/Source/portable/MemMang/heap_4.o
 .text.HAL_PCD_SetupStageCallback
                0x080097e8       0x24 ./USB_DEVICE/Target/usbd_conf.o
                0x080097e8                HAL_PCD_SetupStageCallback
 .text.HAL_PCD_DataOutStageCallback
                0x0800980c       0x36 ./USB_DEVICE/Target/usbd_conf.o
                0x0800980c                HAL_PCD_DataOutStageCallback
 .text.HAL_PCD_DataInStageCallback
                0x08009842       0x34 ./USB_DEVICE/Target/usbd_conf.o
                0x08009842                HAL_PCD_DataInStageCallback
 .text.HAL_PCD_SOFCallback
                0x08009876       0x1c ./USB_DEVICE/Target/usbd_conf.o
                0x08009876                HAL_PCD_SOFCallback
 .text.HAL_PCD_ResetCallback
                0x08009892       0x50 ./USB_DEVICE/Target/usbd_conf.o
                0x08009892                HAL_PCD_ResetCallback
 *fill*         0x080098e2        0x2 
 .text.HAL_PCD_SuspendCallback
                0x080098e4       0x4c ./USB_DEVICE/Target/usbd_conf.o
                0x080098e4                HAL_PCD_SuspendCallback
 .text.HAL_PCD_ResumeCallback
                0x08009930       0x1c ./USB_DEVICE/Target/usbd_conf.o
                0x08009930                HAL_PCD_ResumeCallback
 .text.HAL_PCD_ISOOUTIncompleteCallback
                0x0800994c       0x24 ./USB_DEVICE/Target/usbd_conf.o
                0x0800994c                HAL_PCD_ISOOUTIncompleteCallback
 .text.HAL_PCD_ISOINIncompleteCallback
                0x08009970       0x24 ./USB_DEVICE/Target/usbd_conf.o
                0x08009970                HAL_PCD_ISOINIncompleteCallback
 .text.HAL_PCD_ConnectCallback
                0x08009994       0x1c ./USB_DEVICE/Target/usbd_conf.o
                0x08009994                HAL_PCD_ConnectCallback
 .text.HAL_PCD_DisconnectCallback
                0x080099b0       0x1c ./USB_DEVICE/Target/usbd_conf.o
                0x080099b0                HAL_PCD_DisconnectCallback
 .text.USBD_LL_OpenEP
                0x080099cc       0x4c ./USB_DEVICE/Target/usbd_conf.o
                0x080099cc                USBD_LL_OpenEP
 .text.USBD_LL_StallEP
                0x08009a18       0x3e ./USB_DEVICE/Target/usbd_conf.o
                0x08009a18                USBD_LL_StallEP
 .text.USBD_LL_ClearStallEP
                0x08009a56       0x3e ./USB_DEVICE/Target/usbd_conf.o
                0x08009a56                USBD_LL_ClearStallEP
 .text.USBD_LL_IsStallEP
                0x08009a94       0x58 ./USB_DEVICE/Target/usbd_conf.o
                0x08009a94                USBD_LL_IsStallEP
 .text.USBD_LL_SetUSBAddress
                0x08009aec       0x3e ./USB_DEVICE/Target/usbd_conf.o
                0x08009aec                USBD_LL_SetUSBAddress
 .text.USBD_LL_Transmit
                0x08009b2a       0x42 ./USB_DEVICE/Target/usbd_conf.o
                0x08009b2a                USBD_LL_Transmit
 .text.USBD_LL_PrepareReceive
                0x08009b6c       0x42 ./USB_DEVICE/Target/usbd_conf.o
                0x08009b6c                USBD_LL_PrepareReceive
 *fill*         0x08009bae        0x2 
 .text.USBD_Get_USB_Status
                0x08009bb0       0x58 ./USB_DEVICE/Target/usbd_conf.o
                0x08009bb0                USBD_Get_USB_Status
 .text.memset   0x08009c08       0x10 /opt/st/stm32cubeide_1.18.1/plugins/com.st.stm32cube.ide.mcu.externaltools.gnu-tools-for-stm32.13.3.rel1.linux64_1.0.0.202410170706/tools/bin/../lib/gcc/arm-none-eabi/13.3.1/../../../../arm-none-eabi/lib/thumb/v7e-m+fp/hard/libc_nano.a(libc_a-memset.o)
                0x08009c08                memset
 .text.__libc_init_array
                0x08009c18       0x48 /opt/st/stm32cubeide_1.18.1/plugins/com.st.stm32cube.ide.mcu.externaltools.gnu-tools-for-stm32.13.3.rel1.linux64_1.0.0.202410170706/tools/bin/../lib/gcc/arm-none-eabi/13.3.1/../../../../arm-none-eabi/lib/thumb/v7e-m+fp/hard/libc_nano.a(libc_a-init.o)
                0x08009c18                __libc_init_array
 .text.memcpy   0x08009c60       0x1c /opt/st/stm32cubeide_1.18.1/plugins/com.st.stm32cube.ide.mcu.externaltools.gnu-tools-for-stm32.13.3.rel1.linux64_1.0.0.202410170706/tools/bin/../lib/gcc/arm-none-eabi/13.3.1/../../../../arm-none-eabi/lib/thumb/v7e-m+fp/hard/libc_nano.a(libc_a-memcpy-stub.o)
                0x08009c60                memcpy
 *(.glue_7)
 .glue_7        0x08009c7c        0x0 linker stubs
 *(.glue_7t)
 .glue_7t       0x08009c7c        0x0 linker stubs
 *(.eh_frame)
 .eh_frame      0x08009c7c        0x0 /opt/st/stm32cubeide_1.18.1/plugins/com.st.stm32cube.ide.mcu.externaltools.gnu-tools-for-stm32.13.3.rel1.linux64_1.0.0.202410170706/tools/bin/../lib/gcc/arm-none-eabi/13.3.1/thumb/v7e-m+fp/hard/crtbegin.o
 *(.init)
 .init          0x08009c7c        0x4 /opt/st/stm32cubeide_1.18.1/plugins/com.st.stm32cube.ide.mcu.externaltools.gnu-tools-for-stm32.13.3.rel1.linux64_1.0.0.202410170706/tools/bin/../lib/gcc/arm-none-eabi/13.3.1/thumb/v7e-m+fp/hard/crti.o
                0x08009c7c                _init
 .init          0x08009c80        0x8 /opt/st/stm32cubeide_1.18.1/plugins/com.st.stm32cube.ide.mcu.externaltools.gnu-tools-for-stm32.13.3.rel1.linux64_1.0.0.202410170706/tools/bin/../lib/gcc/arm-none-eabi/13.3.1/thumb/v7e-m+fp/hard/crtn.o
 *(.fini)
 .fini          0x08009c88        0x4 /opt/st/stm32cubeide_1.18.1/plugins/com.st.stm32cube.ide.mcu.externaltools.gnu-tools-for-stm32.13.3.rel1.linux64_1.0.0.202410170706/tools/bin/../lib/gcc/arm-none-eabi/13.3.1/thumb/v7e-m+fp/hard/crti.o
                0x08009c88                _fini
 .fini          0x08009c8c        0x8 /opt/st/stm32cubeide_1.18.1/plugins/com.st.stm32cube.ide.mcu.externaltools.gnu-tools-for-stm32.13.3.rel1.linux64_1.0.0.202410170706/tools/bin/../lib/gcc/arm-none-eabi/13.3.1/thumb/v7e-m+fp/hard/crtn.o
                0x08009c94                        . = ALIGN (0x4)
                0x08009c94                        _etext = .

.vfp11_veneer   0x08009c94        0x0
 .vfp11_veneer  0x08009c94        0x0 linker stubs

.v4_bx          0x08009c94        0x0
 .v4_bx         0x08009c94        0x0 linker stubs

.iplt           0x08009c94        0x0
 .iplt          0x08009c94        0x0 /opt/st/stm32cubeide_1.18.1/plugins/com.st.stm32cube.ide.mcu.externaltools.gnu-tools-for-stm32.13.3.rel1.linux64_1.0.0.202410170706/tools/bin/../lib/gcc/arm-none-eabi/13.3.1/thumb/v7e-m+fp/hard/crtbegin.o

.rodata         0x08009c94       0x94
                0x08009c94                        . = ALIGN (0x4)
 *(.rodata)
 .rodata        0x08009c94       0x19 ./Core/Src/main.o
 *fill*         0x08009cad        0x3 
 .rodata        0x08009cb0        0x5 ./Middlewares/Third_Party/FreeRTOS/Source/tasks.o
 *fill*         0x08009cb5        0x3 
 .rodata        0x08009cb8        0xd ./Middlewares/Third_Party/FreeRTOS/Source/timers.o
 *(.rodata*)
 *fill*         0x08009cc5        0x3 
 .rodata.microrosTask_attributes
                0x08009cc8       0x24 ./Core/Src/main.o
                0x08009cc8                microrosTask_attributes
 .rodata.mainTask_attributes
                0x08009cec       0x24 ./Core/Src/main.o
                0x08009cec                mainTask_attributes
 .rodata.AHBPrescTable
                0x08009d10       0x10 ./Core/Src/system_stm32f4xx.o
                0x08009d10                AHBPrescTable
 .rodata.APBPrescTable
                0x08009d20        0x8 ./Core/Src/system_stm32f4xx.o
                0x08009d20                APBPrescTable
                0x08009d28                        . = ALIGN (0x4)

.ARM.extab      0x08009d28        0x0
                0x08009d28                        . = ALIGN (0x4)
 *(.ARM.extab* .gnu.linkonce.armextab.*)
                0x08009d28                        . = ALIGN (0x4)

.ARM            0x08009d28        0x8
                0x08009d28                        . = ALIGN (0x4)
                0x08009d28                        __exidx_start = .
 *(.ARM.exidx*)
 .ARM.exidx     0x08009d28        0x8 /opt/st/stm32cubeide_1.18.1/plugins/com.st.stm32cube.ide.mcu.externaltools.gnu-tools-for-stm32.13.3.rel1.linux64_1.0.0.202410170706/tools/bin/../lib/gcc/arm-none-eabi/13.3.1/thumb/v7e-m+fp/hard/libgcc.a(_udivmoddi4.o)
                0x08009d30                        __exidx_end = .
                0x08009d30                        . = ALIGN (0x4)

.preinit_array  0x08009d30        0x0
                0x08009d30                        . = ALIGN (0x4)
                0x08009d30                        PROVIDE (__preinit_array_start = .)
 *(.preinit_array*)
                0x08009d30                        PROVIDE (__preinit_array_end = .)
                0x08009d30                        . = ALIGN (0x4)

.init_array     0x08009d30        0x4
                0x08009d30                        . = ALIGN (0x4)
                0x08009d30                        PROVIDE (__init_array_start = .)
 *(SORT_BY_NAME(.init_array.*))
 *(.init_array*)
 .init_array    0x08009d30        0x4 /opt/st/stm32cubeide_1.18.1/plugins/com.st.stm32cube.ide.mcu.externaltools.gnu-tools-for-stm32.13.3.rel1.linux64_1.0.0.202410170706/tools/bin/../lib/gcc/arm-none-eabi/13.3.1/thumb/v7e-m+fp/hard/crtbegin.o
                0x08009d34                        PROVIDE (__init_array_end = .)
                0x08009d34                        . = ALIGN (0x4)

.fini_array     0x08009d34        0x4
                0x08009d34                        . = ALIGN (0x4)
                [!provide]                        PROVIDE (__fini_array_start = .)
 *(SORT_BY_NAME(.fini_array.*))
 *(.fini_array*)
 .fini_array    0x08009d34        0x4 /opt/st/stm32cubeide_1.18.1/plugins/com.st.stm32cube.ide.mcu.externaltools.gnu-tools-for-stm32.13.3.rel1.linux64_1.0.0.202410170706/tools/bin/../lib/gcc/arm-none-eabi/13.3.1/thumb/v7e-m+fp/hard/crtbegin.o
                [!provide]                        PROVIDE (__fini_array_end = .)
                0x08009d38                        . = ALIGN (0x4)
                0x08009d38                        _sidata = LOADADDR (.data)

.rel.dyn        0x08009d38        0x0
 .rel.iplt      0x08009d38        0x0 /opt/st/stm32cubeide_1.18.1/plugins/com.st.stm32cube.ide.mcu.externaltools.gnu-tools-for-stm32.13.3.rel1.linux64_1.0.0.202410170706/tools/bin/../lib/gcc/arm-none-eabi/13.3.1/thumb/v7e-m+fp/hard/crtbegin.o

.data           0x20000000       0x10 load address 0x08009d38
                0x20000000                        . = ALIGN (0x4)
                0x20000000                        _sdata = .
 *(.data)
 *(.data*)
 .data.SystemCoreClock
                0x20000000        0x4 ./Core/Src/system_stm32f4xx.o
                0x20000000                SystemCoreClock
 .data.uwTickPrio
                0x20000004        0x4 ./Drivers/STM32F4xx_HAL_Driver/Src/stm32f4xx_hal.o
                0x20000004                uwTickPrio
 .data.uwTickFreq
                0x20000008        0x1 ./Drivers/STM32F4xx_HAL_Driver/Src/stm32f4xx_hal.o
                0x20000008                uwTickFreq
 *fill*         0x20000009        0x3 
 .data.uxCriticalNesting
                0x2000000c        0x4 ./Middlewares/Third_Party/FreeRTOS/Source/portable/GCC/ARM_CM4F/port.o
 *(.RamFunc)
 *(.RamFunc*)
                0x20000010                        . = ALIGN (0x4)
                0x20000010                        _edata = .
                0x08009d48                        _siccmram = LOADADDR (.ccmram)

.igot.plt       0x20000010        0x0 load address 0x08009d48
 .igot.plt      0x20000010        0x0 /opt/st/stm32cubeide_1.18.1/plugins/com.st.stm32cube.ide.mcu.externaltools.gnu-tools-for-stm32.13.3.rel1.linux64_1.0.0.202410170706/tools/bin/../lib/gcc/arm-none-eabi/13.3.1/thumb/v7e-m+fp/hard/crtbegin.o

.ccmram         0x10000000        0x0 load address 0x08009d48
                0x10000000                        . = ALIGN (0x4)
                0x10000000                        _sccmram = .
 *(.ccmram)
 *(.ccmram*)
                0x10000000                        . = ALIGN (0x4)
                0x10000000                        _eccmram = .
                0x10000000                        . = ALIGN (0x4)

.bss            0x20000010     0xae08
                0x20000010                        _sbss = .
                0x20000010                        __bss_start__ = _sbss
 *(.bss)
 .bss           0x20000010       0x1c /opt/st/stm32cubeide_1.18.1/plugins/com.st.stm32cube.ide.mcu.externaltools.gnu-tools-for-stm32.13.3.rel1.linux64_1.0.0.202410170706/tools/bin/../lib/gcc/arm-none-eabi/13.3.1/thumb/v7e-m+fp/hard/crtbegin.o
 *(.bss*)
 .bss.frequency1
                0x2000002c        0x4 ./Core/Src/main.o
                0x2000002c                frequency1
 .bss.joystick_x
                0x20000030        0x4 ./Core/Src/main.o
                0x20000030                joystick_x
 .bss.capture_value
                0x20000034        0x4 ./Core/Src/main.o
                0x20000034                capture_value
 .bss.txData    0x20000038        0x8 ./Core/Src/main.o
                0x20000038                txData
 .bss.linear    0x20000040        0x4 ./Core/Src/main.o
                0x20000040                linear
 .bss.angular   0x20000044        0x4 ./Core/Src/main.o
                0x20000044                angular
 .bss.hcan2     0x20000048       0x28 ./Core/Src/main.o
                0x20000048                hcan2
 .bss.htim2     0x20000070       0x48 ./Core/Src/main.o
                0x20000070                htim2
 .bss.htim5     0x200000b8       0x48 ./Core/Src/main.o
                0x200000b8                htim5
 .bss.microrosTaskHandle
                0x20000100        0x4 ./Core/Src/main.o
                0x20000100                microrosTaskHandle
 .bss.defaultTaskBuffer
                0x20000104     0x2ee0 ./Core/Src/main.o
                0x20000104                defaultTaskBuffer
 .bss.defaultTaskControlBlock
                0x20002fe4       0x5c ./Core/Src/main.o
                0x20002fe4                defaultTaskControlBlock
 .bss.mainTaskHandle
                0x20003040        0x4 ./Core/Src/main.o
                0x20003040                mainTaskHandle
 .bss.mainTaskBuffer
                0x20003044     0x2ee0 ./Core/Src/main.o
                0x20003044                mainTaskBuffer
 .bss.mainTaskControlBlock
                0x20005f24       0x5c ./Core/Src/main.o
                0x20005f24                mainTaskControlBlock
 .bss.frequency2
                0x20005f80        0x4 ./Core/Src/main.o
                0x20005f80                frequency2
 .bss.joystick_y
                0x20005f84        0x4 ./Core/Src/main.o
                0x20005f84                joystick_y
 .bss.capture_value2
                0x20005f88        0x4 ./Core/Src/main.o
                0x20005f88                capture_value2
 .bss.ccr2      0x20005f8c        0x4 ./Core/Src/main.o
                0x20005f8c                ccr2
 .bss.ok        0x20005f90        0x1 ./Core/Src/main.o
                0x20005f90                ok
 .bss.mailbox   0x20005f91        0x1 ./Core/Src/main.o
                0x20005f91                mailbox
 *fill*         0x20005f92        0x2 
 .bss.htim1     0x20005f94       0x48 ./Core/Src/stm32f4xx_hal_timebase_tim.o
                0x20005f94                htim1
 .bss.uwTick    0x20005fdc        0x4 ./Drivers/STM32F4xx_HAL_Driver/Src/stm32f4xx_hal.o
                0x20005fdc                uwTick
 .bss.cfgidx.0  0x20005fe0        0x1 ./Middlewares/ST/STM32_USB_Device_Library/Core/Src/usbd_ctlreq.o
 *fill*         0x20005fe1        0x3 
 .bss.KernelState
                0x20005fe4        0x4 ./Middlewares/Third_Party/FreeRTOS/Source/CMSIS_RTOS_V2/cmsis_os2.o
 .bss.Idle_TCB.3
                0x20005fe8       0x5c ./Middlewares/Third_Party/FreeRTOS/Source/CMSIS_RTOS_V2/cmsis_os2.o
 .bss.Idle_Stack.2
                0x20006044      0x200 ./Middlewares/Third_Party/FreeRTOS/Source/CMSIS_RTOS_V2/cmsis_os2.o
 .bss.Timer_TCB.1
                0x20006244       0x5c ./Middlewares/Third_Party/FreeRTOS/Source/CMSIS_RTOS_V2/cmsis_os2.o
 .bss.Timer_Stack.0
                0x200062a0      0x400 ./Middlewares/Third_Party/FreeRTOS/Source/CMSIS_RTOS_V2/cmsis_os2.o
 .bss.xQueueRegistry
                0x200066a0       0x40 ./Middlewares/Third_Party/FreeRTOS/Source/queue.o
                0x200066a0                xQueueRegistry
 .bss.pxCurrentTCB
                0x200066e0        0x4 ./Middlewares/Third_Party/FreeRTOS/Source/tasks.o
                0x200066e0                pxCurrentTCB
 .bss.pxReadyTasksLists
                0x200066e4      0x460 ./Middlewares/Third_Party/FreeRTOS/Source/tasks.o
 .bss.xDelayedTaskList1
                0x20006b44       0x14 ./Middlewares/Third_Party/FreeRTOS/Source/tasks.o
 .bss.xDelayedTaskList2
                0x20006b58       0x14 ./Middlewares/Third_Party/FreeRTOS/Source/tasks.o
 .bss.pxDelayedTaskList
                0x20006b6c        0x4 ./Middlewares/Third_Party/FreeRTOS/Source/tasks.o
 .bss.pxOverflowDelayedTaskList
                0x20006b70        0x4 ./Middlewares/Third_Party/FreeRTOS/Source/tasks.o
 .bss.xPendingReadyList
                0x20006b74       0x14 ./Middlewares/Third_Party/FreeRTOS/Source/tasks.o
 .bss.xTasksWaitingTermination
                0x20006b88       0x14 ./Middlewares/Third_Party/FreeRTOS/Source/tasks.o
 .bss.uxDeletedTasksWaitingCleanUp
                0x20006b9c        0x4 ./Middlewares/Third_Party/FreeRTOS/Source/tasks.o
 .bss.xSuspendedTaskList
                0x20006ba0       0x14 ./Middlewares/Third_Party/FreeRTOS/Source/tasks.o
 .bss.uxCurrentNumberOfTasks
                0x20006bb4        0x4 ./Middlewares/Third_Party/FreeRTOS/Source/tasks.o
 .bss.xTickCount
                0x20006bb8        0x4 ./Middlewares/Third_Party/FreeRTOS/Source/tasks.o
 .bss.uxTopReadyPriority
                0x20006bbc        0x4 ./Middlewares/Third_Party/FreeRTOS/Source/tasks.o
 .bss.xSchedulerRunning
                0x20006bc0        0x4 ./Middlewares/Third_Party/FreeRTOS/Source/tasks.o
 .bss.xPendedTicks
                0x20006bc4        0x4 ./Middlewares/Third_Party/FreeRTOS/Source/tasks.o
 .bss.xYieldPending
                0x20006bc8        0x4 ./Middlewares/Third_Party/FreeRTOS/Source/tasks.o
 .bss.xNumOfOverflows
                0x20006bcc        0x4 ./Middlewares/Third_Party/FreeRTOS/Source/tasks.o
 .bss.uxTaskNumber
                0x20006bd0        0x4 ./Middlewares/Third_Party/FreeRTOS/Source/tasks.o
 .bss.xNextTaskUnblockTime
                0x20006bd4        0x4 ./Middlewares/Third_Party/FreeRTOS/Source/tasks.o
 .bss.xIdleTaskHandle
                0x20006bd8        0x4 ./Middlewares/Third_Party/FreeRTOS/Source/tasks.o
 .bss.uxSchedulerSuspended
                0x20006bdc        0x4 ./Middlewares/Third_Party/FreeRTOS/Source/tasks.o
 .bss.xActiveTimerList1
                0x20006be0       0x14 ./Middlewares/Third_Party/FreeRTOS/Source/timers.o
 .bss.xActiveTimerList2
                0x20006bf4       0x14 ./Middlewares/Third_Party/FreeRTOS/Source/timers.o
 .bss.pxCurrentTimerList
                0x20006c08        0x4 ./Middlewares/Third_Party/FreeRTOS/Source/timers.o
 .bss.pxOverflowTimerList
                0x20006c0c        0x4 ./Middlewares/Third_Party/FreeRTOS/Source/timers.o
 .bss.xTimerQueue
                0x20006c10        0x4 ./Middlewares/Third_Party/FreeRTOS/Source/timers.o
 .bss.xTimerTaskHandle
                0x20006c14        0x4 ./Middlewares/Third_Party/FreeRTOS/Source/timers.o
 .bss.xLastTime.2
                0x20006c18        0x4 ./Middlewares/Third_Party/FreeRTOS/Source/timers.o
 .bss.ucStaticTimerQueueStorage.1
                0x20006c1c       0xa0 ./Middlewares/Third_Party/FreeRTOS/Source/timers.o
 .bss.xStaticTimerQueue.0
                0x20006cbc       0x50 ./Middlewares/Third_Party/FreeRTOS/Source/timers.o
 .bss.ucMaxSysCallPriority
                0x20006d0c        0x1 ./Middlewares/Third_Party/FreeRTOS/Source/portable/GCC/ARM_CM4F/port.o
 *fill*         0x20006d0d        0x3 
 .bss.ulMaxPRIGROUPValue
                0x20006d10        0x4 ./Middlewares/Third_Party/FreeRTOS/Source/portable/GCC/ARM_CM4F/port.o
 .bss.ucHeap    0x20006d14     0x3c00 ./Middlewares/Third_Party/FreeRTOS/Source/portable/MemMang/heap_4.o
 .bss.xStart    0x2000a914        0x8 ./Middlewares/Third_Party/FreeRTOS/Source/portable/MemMang/heap_4.o
 .bss.pxEnd     0x2000a91c        0x4 ./Middlewares/Third_Party/FreeRTOS/Source/portable/MemMang/heap_4.o
 .bss.xFreeBytesRemaining
                0x2000a920        0x4 ./Middlewares/Third_Party/FreeRTOS/Source/portable/MemMang/heap_4.o
 .bss.xMinimumEverFreeBytesRemaining
                0x2000a924        0x4 ./Middlewares/Third_Party/FreeRTOS/Source/portable/MemMang/heap_4.o
 .bss.xNumberOfSuccessfulAllocations
                0x2000a928        0x4 ./Middlewares/Third_Party/FreeRTOS/Source/portable/MemMang/heap_4.o
 .bss.xNumberOfSuccessfulFrees
                0x2000a92c        0x4 ./Middlewares/Third_Party/FreeRTOS/Source/portable/MemMang/heap_4.o
 .bss.xBlockAllocatedBit
                0x2000a930        0x4 ./Middlewares/Third_Party/FreeRTOS/Source/portable/MemMang/heap_4.o
 .bss.hpcd_USB_OTG_FS
                0x2000a934      0x4e4 ./USB_DEVICE/Target/usbd_conf.o
                0x2000a934                hpcd_USB_OTG_FS
 *(COMMON)
                0x2000ae18                        . = ALIGN (0x4)
                0x2000ae18                        _ebss = .
                0x2000ae18                        __bss_end__ = _ebss

._user_heap_stack
                0x2000ae18      0x600
                0x2000ae18                        . = ALIGN (0x8)
                [!provide]                        PROVIDE (end = .)
                0x2000ae18                        PROVIDE (_end = .)
                0x2000b018                        . = (. + _Min_Heap_Size)
 *fill*         0x2000ae18      0x200 
                0x2000b418                        . = (. + _Min_Stack_Size)
 *fill*         0x2000b018      0x400 
                0x2000b418                        . = ALIGN (0x8)

/DISCARD/
 libc.a(*)
 libm.a(*)
 libgcc.a(*)

.ARM.attributes
                0x00000000       0x30
 *(.ARM.attributes)
 .ARM.attributes
                0x00000000       0x22 /opt/st/stm32cubeide_1.18.1/plugins/com.st.stm32cube.ide.mcu.externaltools.gnu-tools-for-stm32.13.3.rel1.linux64_1.0.0.202410170706/tools/bin/../lib/gcc/arm-none-eabi/13.3.1/thumb/v7e-m+fp/hard/crti.o
 .ARM.attributes
                0x00000022       0x34 /opt/st/stm32cubeide_1.18.1/plugins/com.st.stm32cube.ide.mcu.externaltools.gnu-tools-for-stm32.13.3.rel1.linux64_1.0.0.202410170706/tools/bin/../lib/gcc/arm-none-eabi/13.3.1/thumb/v7e-m+fp/hard/crtbegin.o
 .ARM.attributes
                0x00000056       0x34 ./Core/Src/main.o
 .ARM.attributes
                0x0000008a       0x34 ./Core/Src/stm32f4xx_hal_msp.o
 .ARM.attributes
                0x000000be       0x34 ./Core/Src/stm32f4xx_hal_timebase_tim.o
 .ARM.attributes
                0x000000f2       0x34 ./Core/Src/stm32f4xx_it.o
 .ARM.attributes
                0x00000126       0x34 ./Core/Src/system_stm32f4xx.o
 .ARM.attributes
                0x0000015a       0x21 ./Core/Startup/startup_stm32f407vgtx.o
 .ARM.attributes
                0x0000017b       0x34 ./Drivers/STM32F4xx_HAL_Driver/Src/stm32f4xx_hal.o
 .ARM.attributes
                0x000001af       0x34 ./Drivers/STM32F4xx_HAL_Driver/Src/stm32f4xx_hal_can.o
 .ARM.attributes
                0x000001e3       0x34 ./Drivers/STM32F4xx_HAL_Driver/Src/stm32f4xx_hal_cortex.o
 .ARM.attributes
                0x00000217       0x34 ./Drivers/STM32F4xx_HAL_Driver/Src/stm32f4xx_hal_gpio.o
 .ARM.attributes
                0x0000024b       0x34 ./Drivers/STM32F4xx_HAL_Driver/Src/stm32f4xx_hal_pcd.o
 .ARM.attributes
                0x0000027f       0x34 ./Drivers/STM32F4xx_HAL_Driver/Src/stm32f4xx_hal_pcd_ex.o
 .ARM.attributes
                0x000002b3       0x34 ./Drivers/STM32F4xx_HAL_Driver/Src/stm32f4xx_hal_rcc.o
 .ARM.attributes
                0x000002e7       0x34 ./Drivers/STM32F4xx_HAL_Driver/Src/stm32f4xx_hal_tim.o
 .ARM.attributes
                0x0000031b       0x34 ./Drivers/STM32F4xx_HAL_Driver/Src/stm32f4xx_hal_tim_ex.o
 .ARM.attributes
                0x0000034f       0x34 ./Drivers/STM32F4xx_HAL_Driver/Src/stm32f4xx_ll_usb.o
 .ARM.attributes
                0x00000383       0x34 ./Middlewares/ST/STM32_USB_Device_Library/Core/Src/usbd_core.o
 .ARM.attributes
                0x000003b7       0x34 ./Middlewares/ST/STM32_USB_Device_Library/Core/Src/usbd_ctlreq.o
 .ARM.attributes
                0x000003eb       0x34 ./Middlewares/ST/STM32_USB_Device_Library/Core/Src/usbd_ioreq.o
 .ARM.attributes
                0x0000041f       0x34 ./Middlewares/Third_Party/FreeRTOS/Source/CMSIS_RTOS_V2/cmsis_os2.o
 .ARM.attributes
                0x00000453       0x34 ./Middlewares/Third_Party/FreeRTOS/Source/list.o
 .ARM.attributes
                0x00000487       0x34 ./Middlewares/Third_Party/FreeRTOS/Source/queue.o
 .ARM.attributes
                0x000004bb       0x34 ./Middlewares/Third_Party/FreeRTOS/Source/tasks.o
 .ARM.attributes
                0x000004ef       0x34 ./Middlewares/Third_Party/FreeRTOS/Source/timers.o
 .ARM.attributes
                0x00000523       0x34 ./Middlewares/Third_Party/FreeRTOS/Source/portable/GCC/ARM_CM4F/port.o
 .ARM.attributes
                0x00000557       0x34 ./Middlewares/Third_Party/FreeRTOS/Source/portable/MemMang/heap_4.o
 .ARM.attributes
                0x0000058b       0x34 ./USB_DEVICE/Target/usbd_conf.o
 .ARM.attributes
                0x000005bf       0x34 /opt/st/stm32cubeide_1.18.1/plugins/com.st.stm32cube.ide.mcu.externaltools.gnu-tools-for-stm32.13.3.rel1.linux64_1.0.0.202410170706/tools/bin/../lib/gcc/arm-none-eabi/13.3.1/../../../../arm-none-eabi/lib/thumb/v7e-m+fp/hard/libc_nano.a(libc_a-memset.o)
 .ARM.attributes
                0x000005f3       0x34 /opt/st/stm32cubeide_1.18.1/plugins/com.st.stm32cube.ide.mcu.externaltools.gnu-tools-for-stm32.13.3.rel1.linux64_1.0.0.202410170706/tools/bin/../lib/gcc/arm-none-eabi/13.3.1/../../../../arm-none-eabi/lib/thumb/v7e-m+fp/hard/libc_nano.a(libc_a-init.o)
 .ARM.attributes
                0x00000627       0x34 /opt/st/stm32cubeide_1.18.1/plugins/com.st.stm32cube.ide.mcu.externaltools.gnu-tools-for-stm32.13.3.rel1.linux64_1.0.0.202410170706/tools/bin/../lib/gcc/arm-none-eabi/13.3.1/../../../../arm-none-eabi/lib/thumb/v7e-m+fp/hard/libc_nano.a(libc_a-memcpy-stub.o)
 .ARM.attributes
                0x0000065b       0x22 /opt/st/stm32cubeide_1.18.1/plugins/com.st.stm32cube.ide.mcu.externaltools.gnu-tools-for-stm32.13.3.rel1.linux64_1.0.0.202410170706/tools/bin/../lib/gcc/arm-none-eabi/13.3.1/thumb/v7e-m+fp/hard/libgcc.a(_aeabi_uldivmod.o)
 .ARM.attributes
                0x0000067d       0x34 /opt/st/stm32cubeide_1.18.1/plugins/com.st.stm32cube.ide.mcu.externaltools.gnu-tools-for-stm32.13.3.rel1.linux64_1.0.0.202410170706/tools/bin/../lib/gcc/arm-none-eabi/13.3.1/thumb/v7e-m+fp/hard/libgcc.a(_udivmoddi4.o)
 .ARM.attributes
                0x000006b1       0x22 /opt/st/stm32cubeide_1.18.1/plugins/com.st.stm32cube.ide.mcu.externaltools.gnu-tools-for-stm32.13.3.rel1.linux64_1.0.0.202410170706/tools/bin/../lib/gcc/arm-none-eabi/13.3.1/thumb/v7e-m+fp/hard/libgcc.a(_dvmd_tls.o)
 .ARM.attributes
                0x000006d3       0x22 /opt/st/stm32cubeide_1.18.1/plugins/com.st.stm32cube.ide.mcu.externaltools.gnu-tools-for-stm32.13.3.rel1.linux64_1.0.0.202410170706/tools/bin/../lib/gcc/arm-none-eabi/13.3.1/thumb/v7e-m+fp/hard/crtn.o
OUTPUT(microros.elf elf32-littlearm)
LOAD linker stubs
LOAD /opt/st/stm32cubeide_1.18.1/plugins/com.st.stm32cube.ide.mcu.externaltools.gnu-tools-for-stm32.13.3.rel1.linux64_1.0.0.202410170706/tools/bin/../lib/gcc/arm-none-eabi/13.3.1/../../../../arm-none-eabi/lib/thumb/v7e-m+fp/hard/libc.a
LOAD /opt/st/stm32cubeide_1.18.1/plugins/com.st.stm32cube.ide.mcu.externaltools.gnu-tools-for-stm32.13.3.rel1.linux64_1.0.0.202410170706/tools/bin/../lib/gcc/arm-none-eabi/13.3.1/../../../../arm-none-eabi/lib/thumb/v7e-m+fp/hard/libm.a
LOAD /opt/st/stm32cubeide_1.18.1/plugins/com.st.stm32cube.ide.mcu.externaltools.gnu-tools-for-stm32.13.3.rel1.linux64_1.0.0.202410170706/tools/bin/../lib/gcc/arm-none-eabi/13.3.1/thumb/v7e-m+fp/hard/libgcc.a

.debug_info     0x00000000    0x1db8e
 .debug_info    0x00000000     0x1e75 ./Core/Src/main.o
 .debug_info    0x00001e75     0x13a9 ./Core/Src/stm32f4xx_hal_msp.o
 .debug_info    0x0000321e      0xbe0 ./Core/Src/stm32f4xx_hal_timebase_tim.o
 .debug_info    0x00003dfe      0xe34 ./Core/Src/stm32f4xx_it.o
 .debug_info    0x00004c32      0x512 ./Core/Src/system_stm32f4xx.o
 .debug_info    0x00005144       0x30 ./Core/Startup/startup_stm32f407vgtx.o
 .debug_info    0x00005174      0x944 ./Drivers/STM32F4xx_HAL_Driver/Src/stm32f4xx_hal.o
 .debug_info    0x00005ab8      0xf49 ./Drivers/STM32F4xx_HAL_Driver/Src/stm32f4xx_hal_can.o
 .debug_info    0x00006a01      0xd8c ./Drivers/STM32F4xx_HAL_Driver/Src/stm32f4xx_hal_cortex.o
 .debug_info    0x0000778d      0x6c3 ./Drivers/STM32F4xx_HAL_Driver/Src/stm32f4xx_hal_gpio.o
 .debug_info    0x00007e50     0x156f ./Drivers/STM32F4xx_HAL_Driver/Src/stm32f4xx_hal_pcd.o
 .debug_info    0x000093bf      0x6ea ./Drivers/STM32F4xx_HAL_Driver/Src/stm32f4xx_hal_pcd_ex.o
 .debug_info    0x00009aa9      0x8c3 ./Drivers/STM32F4xx_HAL_Driver/Src/stm32f4xx_hal_rcc.o
 .debug_info    0x0000a36c     0x299d ./Drivers/STM32F4xx_HAL_Driver/Src/stm32f4xx_hal_tim.o
 .debug_info    0x0000cd09     0x14db ./Drivers/STM32F4xx_HAL_Driver/Src/stm32f4xx_hal_tim_ex.o
 .debug_info    0x0000e1e4     0x1993 ./Drivers/STM32F4xx_HAL_Driver/Src/stm32f4xx_ll_usb.o
 .debug_info    0x0000fb77     0x10be ./Middlewares/ST/STM32_USB_Device_Library/Core/Src/usbd_core.o
 .debug_info    0x00010c35      0xd9a ./Middlewares/ST/STM32_USB_Device_Library/Core/Src/usbd_ctlreq.o
 .debug_info    0x000119cf      0xa09 ./Middlewares/ST/STM32_USB_Device_Library/Core/Src/usbd_ioreq.o
 .debug_info    0x000123d8     0x3a6d ./Middlewares/Third_Party/FreeRTOS/Source/CMSIS_RTOS_V2/cmsis_os2.o
 .debug_info    0x00015e45      0x2af ./Middlewares/Third_Party/FreeRTOS/Source/list.o
 .debug_info    0x000160f4     0x1b79 ./Middlewares/Third_Party/FreeRTOS/Source/queue.o
 .debug_info    0x00017c6d     0x21ec ./Middlewares/Third_Party/FreeRTOS/Source/tasks.o
 .debug_info    0x00019e59     0x1488 ./Middlewares/Third_Party/FreeRTOS/Source/timers.o
 .debug_info    0x0001b2e1      0x4de ./Middlewares/Third_Party/FreeRTOS/Source/portable/GCC/ARM_CM4F/port.o
 .debug_info    0x0001b7bf      0x4d5 ./Middlewares/Third_Party/FreeRTOS/Source/portable/MemMang/heap_4.o
 .debug_info    0x0001bc94     0x1efa ./USB_DEVICE/Target/usbd_conf.o

.debug_abbrev   0x00000000     0x43c6
 .debug_abbrev  0x00000000      0x389 ./Core/Src/main.o
 .debug_abbrev  0x00000389      0x24b ./Core/Src/stm32f4xx_hal_msp.o
 .debug_abbrev  0x000005d4      0x1f4 ./Core/Src/stm32f4xx_hal_timebase_tim.o
 .debug_abbrev  0x000007c8      0x22c ./Core/Src/stm32f4xx_it.o
 .debug_abbrev  0x000009f4      0x11a ./Core/Src/system_stm32f4xx.o
 .debug_abbrev  0x00000b0e       0x24 ./Core/Startup/startup_stm32f407vgtx.o
 .debug_abbrev  0x00000b32      0x214 ./Drivers/STM32F4xx_HAL_Driver/Src/stm32f4xx_hal.o
 .debug_abbrev  0x00000d46      0x258 ./Drivers/STM32F4xx_HAL_Driver/Src/stm32f4xx_hal_can.o
 .debug_abbrev  0x00000f9e      0x31d ./Drivers/STM32F4xx_HAL_Driver/Src/stm32f4xx_hal_cortex.o
 .debug_abbrev  0x000012bb      0x1d4 ./Drivers/STM32F4xx_HAL_Driver/Src/stm32f4xx_hal_gpio.o
 .debug_abbrev  0x0000148f      0x2b9 ./Drivers/STM32F4xx_HAL_Driver/Src/stm32f4xx_hal_pcd.o
 .debug_abbrev  0x00001748      0x1da ./Drivers/STM32F4xx_HAL_Driver/Src/stm32f4xx_hal_pcd_ex.o
 .debug_abbrev  0x00001922      0x2b7 ./Drivers/STM32F4xx_HAL_Driver/Src/stm32f4xx_hal_rcc.o
 .debug_abbrev  0x00001bd9      0x278 ./Drivers/STM32F4xx_HAL_Driver/Src/stm32f4xx_hal_tim.o
 .debug_abbrev  0x00001e51      0x283 ./Drivers/STM32F4xx_HAL_Driver/Src/stm32f4xx_hal_tim_ex.o
 .debug_abbrev  0x000020d4      0x2b3 ./Drivers/STM32F4xx_HAL_Driver/Src/stm32f4xx_ll_usb.o
 .debug_abbrev  0x00002387      0x2df ./Middlewares/ST/STM32_USB_Device_Library/Core/Src/usbd_core.o
 .debug_abbrev  0x00002666      0x2bf ./Middlewares/ST/STM32_USB_Device_Library/Core/Src/usbd_ctlreq.o
 .debug_abbrev  0x00002925      0x1fc ./Middlewares/ST/STM32_USB_Device_Library/Core/Src/usbd_ioreq.o
 .debug_abbrev  0x00002b21      0x520 ./Middlewares/Third_Party/FreeRTOS/Source/CMSIS_RTOS_V2/cmsis_os2.o
 .debug_abbrev  0x00003041       0xf5 ./Middlewares/Third_Party/FreeRTOS/Source/list.o
 .debug_abbrev  0x00003136      0x3b6 ./Middlewares/Third_Party/FreeRTOS/Source/queue.o
 .debug_abbrev  0x000034ec      0x386 ./Middlewares/Third_Party/FreeRTOS/Source/tasks.o
 .debug_abbrev  0x00003872      0x352 ./Middlewares/Third_Party/FreeRTOS/Source/timers.o
 .debug_abbrev  0x00003bc4      0x25c ./Middlewares/Third_Party/FreeRTOS/Source/portable/GCC/ARM_CM4F/port.o
 .debug_abbrev  0x00003e20      0x21d ./Middlewares/Third_Party/FreeRTOS/Source/portable/MemMang/heap_4.o
 .debug_abbrev  0x0000403d      0x389 ./USB_DEVICE/Target/usbd_conf.o

.debug_aranges  0x00000000     0x1908
 .debug_aranges
                0x00000000       0x70 ./Core/Src/main.o
 .debug_aranges
                0x00000070       0x40 ./Core/Src/stm32f4xx_hal_msp.o
 .debug_aranges
                0x000000b0       0x30 ./Core/Src/stm32f4xx_hal_timebase_tim.o
 .debug_aranges
                0x000000e0       0x68 ./Core/Src/stm32f4xx_it.o
 .debug_aranges
                0x00000148       0x28 ./Core/Src/system_stm32f4xx.o
 .debug_aranges
                0x00000170       0x28 ./Core/Startup/startup_stm32f407vgtx.o
 .debug_aranges
                0x00000198       0xf0 ./Drivers/STM32F4xx_HAL_Driver/Src/stm32f4xx_hal.o
 .debug_aranges
                0x00000288      0x138 ./Drivers/STM32F4xx_HAL_Driver/Src/stm32f4xx_hal_can.o
 .debug_aranges
                0x000003c0      0x130 ./Drivers/STM32F4xx_HAL_Driver/Src/stm32f4xx_hal_cortex.o
 .debug_aranges
                0x000004f0       0x58 ./Drivers/STM32F4xx_HAL_Driver/Src/stm32f4xx_hal_gpio.o
 .debug_aranges
                0x00000548      0x148 ./Drivers/STM32F4xx_HAL_Driver/Src/stm32f4xx_hal_pcd.o
 .debug_aranges
                0x00000690       0x38 ./Drivers/STM32F4xx_HAL_Driver/Src/stm32f4xx_hal_pcd_ex.o
 .debug_aranges
                0x000006c8       0x88 ./Drivers/STM32F4xx_HAL_Driver/Src/stm32f4xx_hal_rcc.o
 .debug_aranges
                0x00000750      0x3d0 ./Drivers/STM32F4xx_HAL_Driver/Src/stm32f4xx_hal_tim.o
 .debug_aranges
                0x00000b20      0x168 ./Drivers/STM32F4xx_HAL_Driver/Src/stm32f4xx_hal_tim_ex.o
 .debug_aranges
                0x00000c88      0x1a0 ./Drivers/STM32F4xx_HAL_Driver/Src/stm32f4xx_ll_usb.o
 .debug_aranges
                0x00000e28       0xd8 ./Middlewares/ST/STM32_USB_Device_Library/Core/Src/usbd_core.o
 .debug_aranges
                0x00000f00       0x90 ./Middlewares/ST/STM32_USB_Device_Library/Core/Src/usbd_ctlreq.o
 .debug_aranges
                0x00000f90       0x50 ./Middlewares/ST/STM32_USB_Device_Library/Core/Src/usbd_ioreq.o
 .debug_aranges
                0x00000fe0      0x2b0 ./Middlewares/Third_Party/FreeRTOS/Source/CMSIS_RTOS_V2/cmsis_os2.o
 .debug_aranges
                0x00001290       0x40 ./Middlewares/Third_Party/FreeRTOS/Source/list.o
 .debug_aranges
                0x000012d0      0x158 ./Middlewares/Third_Party/FreeRTOS/Source/queue.o
 .debug_aranges
                0x00001428      0x208 ./Middlewares/Third_Party/FreeRTOS/Source/tasks.o
 .debug_aranges
                0x00001630       0xf0 ./Middlewares/Third_Party/FreeRTOS/Source/timers.o
 .debug_aranges
                0x00001720       0x80 ./Middlewares/Third_Party/FreeRTOS/Source/portable/GCC/ARM_CM4F/port.o
 .debug_aranges
                0x000017a0       0x58 ./Middlewares/Third_Party/FreeRTOS/Source/portable/MemMang/heap_4.o
 .debug_aranges
                0x000017f8      0x110 ./USB_DEVICE/Target/usbd_conf.o

.debug_rnglists
                0x00000000     0x1333
 .debug_rnglists
                0x00000000       0x56 ./Core/Src/main.o
 .debug_rnglists
                0x00000056       0x2d ./Core/Src/stm32f4xx_hal_msp.o
 .debug_rnglists
                0x00000083       0x20 ./Core/Src/stm32f4xx_hal_timebase_tim.o
 .debug_rnglists
                0x000000a3       0x49 ./Core/Src/stm32f4xx_it.o
 .debug_rnglists
                0x000000ec       0x1a ./Core/Src/system_stm32f4xx.o
 .debug_rnglists
                0x00000106       0x19 ./Core/Startup/startup_stm32f407vgtx.o
 .debug_rnglists
                0x0000011f       0xaf ./Drivers/STM32F4xx_HAL_Driver/Src/stm32f4xx_hal.o
 .debug_rnglists
                0x000001ce       0xee ./Drivers/STM32F4xx_HAL_Driver/Src/stm32f4xx_hal_can.o
 .debug_rnglists
                0x000002bc       0xe0 ./Drivers/STM32F4xx_HAL_Driver/Src/stm32f4xx_hal_cortex.o
 .debug_rnglists
                0x0000039c       0x3f ./Drivers/STM32F4xx_HAL_Driver/Src/stm32f4xx_hal_gpio.o
 .debug_rnglists
                0x000003db       0xfa ./Drivers/STM32F4xx_HAL_Driver/Src/stm32f4xx_hal_pcd.o
 .debug_rnglists
                0x000004d5       0x26 ./Drivers/STM32F4xx_HAL_Driver/Src/stm32f4xx_hal_pcd_ex.o
 .debug_rnglists
                0x000004fb       0x66 ./Drivers/STM32F4xx_HAL_Driver/Src/stm32f4xx_hal_rcc.o
 .debug_rnglists
                0x00000561      0x31a ./Drivers/STM32F4xx_HAL_Driver/Src/stm32f4xx_hal_tim.o
 .debug_rnglists
                0x0000087b      0x125 ./Drivers/STM32F4xx_HAL_Driver/Src/stm32f4xx_hal_tim_ex.o
 .debug_rnglists
                0x000009a0      0x147 ./Drivers/STM32F4xx_HAL_Driver/Src/stm32f4xx_ll_usb.o
 .debug_rnglists
                0x00000ae7       0xa1 ./Middlewares/ST/STM32_USB_Device_Library/Core/Src/usbd_core.o
 .debug_rnglists
                0x00000b88       0x6e ./Middlewares/ST/STM32_USB_Device_Library/Core/Src/usbd_ctlreq.o
 .debug_rnglists
                0x00000bf6       0x37 ./Middlewares/ST/STM32_USB_Device_Library/Core/Src/usbd_ioreq.o
 .debug_rnglists
                0x00000c2d      0x212 ./Middlewares/Third_Party/FreeRTOS/Source/CMSIS_RTOS_V2/cmsis_os2.o
 .debug_rnglists
                0x00000e3f       0x2b ./Middlewares/Third_Party/FreeRTOS/Source/list.o
 .debug_rnglists
                0x00000e6a      0x109 ./Middlewares/Third_Party/FreeRTOS/Source/queue.o
 .debug_rnglists
                0x00000f73      0x1a0 ./Middlewares/Third_Party/FreeRTOS/Source/tasks.o
 .debug_rnglists
                0x00001113       0xb8 ./Middlewares/Third_Party/FreeRTOS/Source/timers.o
 .debug_rnglists
                0x000011cb       0x5d ./Middlewares/Third_Party/FreeRTOS/Source/portable/GCC/ARM_CM4F/port.o
 .debug_rnglists
                0x00001228       0x42 ./Middlewares/Third_Party/FreeRTOS/Source/portable/MemMang/heap_4.o
 .debug_rnglists
                0x0000126a       0xc9 ./USB_DEVICE/Target/usbd_conf.o

.debug_macro    0x00000000     0x7aba
 .debug_macro   0x00000000      0xab5 ./Core/Src/main.o
 .debug_macro   0x00000ab5      0x169 ./Core/Src/main.o
 .debug_macro   0x00000c1e       0x66 ./Core/Src/main.o
 .debug_macro   0x00000c84       0x74 ./Core/Src/main.o
 .debug_macro   0x00000cf8       0xdd ./Core/Src/main.o
 .debug_macro   0x00000dd5       0x6b ./Core/Src/main.o
 .debug_macro   0x00000e40      0x20f ./Core/Src/main.o
 .debug_macro   0x0000104f      0x9f5 ./Core/Src/stm32f4xx_hal_msp.o
 .debug_macro   0x00001a44      0x1f2 ./Core/Src/stm32f4xx_hal_timebase_tim.o
 .debug_macro   0x00001c36      0xa00 ./Core/Src/stm32f4xx_it.o
 .debug_macro   0x00002636      0x1f2 ./Core/Src/system_stm32f4xx.o
 .debug_macro   0x00002828      0x252 ./Drivers/STM32F4xx_HAL_Driver/Src/stm32f4xx_hal.o
 .debug_macro   0x00002a7a      0x201 ./Drivers/STM32F4xx_HAL_Driver/Src/stm32f4xx_hal_can.o
 .debug_macro   0x00002c7b      0x1f2 ./Drivers/STM32F4xx_HAL_Driver/Src/stm32f4xx_hal_cortex.o
 .debug_macro   0x00002e6d      0x1f8 ./Drivers/STM32F4xx_HAL_Driver/Src/stm32f4xx_hal_gpio.o
 .debug_macro   0x00003065      0x1fe ./Drivers/STM32F4xx_HAL_Driver/Src/stm32f4xx_hal_pcd.o
 .debug_macro   0x00003263      0x1f2 ./Drivers/STM32F4xx_HAL_Driver/Src/stm32f4xx_hal_pcd_ex.o
 .debug_macro   0x00003455      0x216 ./Drivers/STM32F4xx_HAL_Driver/Src/stm32f4xx_hal_rcc.o
 .debug_macro   0x0000366b      0x1f3 ./Drivers/STM32F4xx_HAL_Driver/Src/stm32f4xx_hal_tim.o
 .debug_macro   0x0000385e      0x1f2 ./Drivers/STM32F4xx_HAL_Driver/Src/stm32f4xx_hal_tim_ex.o
 .debug_macro   0x00003a50      0x1f2 ./Drivers/STM32F4xx_HAL_Driver/Src/stm32f4xx_ll_usb.o
 .debug_macro   0x00003c42      0xa43 ./Middlewares/ST/STM32_USB_Device_Library/Core/Src/usbd_core.o
 .debug_macro   0x00004685      0x215 ./Middlewares/ST/STM32_USB_Device_Library/Core/Src/usbd_core.o
 .debug_macro   0x0000489a      0xa4d ./Middlewares/ST/STM32_USB_Device_Library/Core/Src/usbd_ctlreq.o
 .debug_macro   0x000052e7      0xa49 ./Middlewares/ST/STM32_USB_Device_Library/Core/Src/usbd_ioreq.o
 .debug_macro   0x00005d30      0x3e9 ./Middlewares/Third_Party/FreeRTOS/Source/CMSIS_RTOS_V2/cmsis_os2.o
 .debug_macro   0x00006119       0xf5 ./Middlewares/Third_Party/FreeRTOS/Source/CMSIS_RTOS_V2/cmsis_os2.o
 .debug_macro   0x0000620e       0x91 ./Middlewares/Third_Party/FreeRTOS/Source/CMSIS_RTOS_V2/cmsis_os2.o
 .debug_macro   0x0000629f       0x8d ./Middlewares/Third_Party/FreeRTOS/Source/CMSIS_RTOS_V2/cmsis_os2.o
 .debug_macro   0x0000632c       0x9a ./Middlewares/Third_Party/FreeRTOS/Source/CMSIS_RTOS_V2/cmsis_os2.o
 .debug_macro   0x000063c6       0x22 ./Middlewares/Third_Party/FreeRTOS/Source/CMSIS_RTOS_V2/cmsis_os2.o
 .debug_macro   0x000063e8      0x187 ./Middlewares/Third_Party/FreeRTOS/Source/list.o
 .debug_macro   0x0000656f      0x216 ./Middlewares/Third_Party/FreeRTOS/Source/queue.o
 .debug_macro   0x00006785       0x87 ./Middlewares/Third_Party/FreeRTOS/Source/queue.o
 .debug_macro   0x0000680c      0x27f ./Middlewares/Third_Party/FreeRTOS/Source/tasks.o
 .debug_macro   0x00006a8b       0x10 ./Middlewares/Third_Party/FreeRTOS/Source/tasks.o
 .debug_macro   0x00006a9b      0x1dc ./Middlewares/Third_Party/FreeRTOS/Source/timers.o
 .debug_macro   0x00006c77       0x97 ./Middlewares/Third_Party/FreeRTOS/Source/timers.o
 .debug_macro   0x00006d0e      0x196 ./Middlewares/Third_Party/FreeRTOS/Source/portable/GCC/ARM_CM4F/port.o
 .debug_macro   0x00006ea4      0x1ae ./Middlewares/Third_Party/FreeRTOS/Source/portable/MemMang/heap_4.o
 .debug_macro   0x00007052      0xa68 ./USB_DEVICE/Target/usbd_conf.o

.debug_line     0x00000000    0x23cf9
 .debug_line    0x00000000     0x22ff ./Core/Src/main.o
 .debug_line    0x000022ff     0x1e2b ./Core/Src/stm32f4xx_hal_msp.o
 .debug_line    0x0000412a      0x744 ./Core/Src/stm32f4xx_hal_timebase_tim.o
 .debug_line    0x0000486e     0x1e27 ./Core/Src/stm32f4xx_it.o
 .debug_line    0x00006695      0x747 ./Core/Src/system_stm32f4xx.o
 .debug_line    0x00006ddc       0x7a ./Core/Startup/startup_stm32f407vgtx.o
 .debug_line    0x00006e56      0x9c3 ./Drivers/STM32F4xx_HAL_Driver/Src/stm32f4xx_hal.o
 .debug_line    0x00007819     0x1182 ./Drivers/STM32F4xx_HAL_Driver/Src/stm32f4xx_hal_can.o
 .debug_line    0x0000899b      0xc93 ./Drivers/STM32F4xx_HAL_Driver/Src/stm32f4xx_hal_cortex.o
 .debug_line    0x0000962e      0xb1b ./Drivers/STM32F4xx_HAL_Driver/Src/stm32f4xx_hal_gpio.o
 .debug_line    0x0000a149     0x140e ./Drivers/STM32F4xx_HAL_Driver/Src/stm32f4xx_hal_pcd.o
 .debug_line    0x0000b557      0x78c ./Drivers/STM32F4xx_HAL_Driver/Src/stm32f4xx_hal_pcd_ex.o
 .debug_line    0x0000bce3      0xdd0 ./Drivers/STM32F4xx_HAL_Driver/Src/stm32f4xx_hal_rcc.o
 .debug_line    0x0000cab3     0x3738 ./Drivers/STM32F4xx_HAL_Driver/Src/stm32f4xx_hal_tim.o
 .debug_line    0x000101eb     0x1923 ./Drivers/STM32F4xx_HAL_Driver/Src/stm32f4xx_hal_tim_ex.o
 .debug_line    0x00011b0e     0x1cf7 ./Drivers/STM32F4xx_HAL_Driver/Src/stm32f4xx_ll_usb.o
 .debug_line    0x00013805     0x23c6 ./Middlewares/ST/STM32_USB_Device_Library/Core/Src/usbd_core.o
 .debug_line    0x00015bcb     0x2588 ./Middlewares/ST/STM32_USB_Device_Library/Core/Src/usbd_ctlreq.o
 .debug_line    0x00018153     0x1ecd ./Middlewares/ST/STM32_USB_Device_Library/Core/Src/usbd_ioreq.o
 .debug_line    0x0001a020     0x2492 ./Middlewares/Third_Party/FreeRTOS/Source/CMSIS_RTOS_V2/cmsis_os2.o