../Core/Src/MICROROS/microros.c:38:6:microros_createsubscribers	16	static
../Core/Src/MICROROS/microros.c:84:6:microros_createpublishers	8	static
../Core/Src/MICROROS/microros.c:126:6:microros_spinnode	8	static
../Core/Src/MICROROS/microros.c:132:6:vel_subscription_callback	4	static
../Core/Src/MICROROS/microros.c:138:6:subscription_callback	4	static
../Core/Src/MICROROS/microros.c:150:6:reset_subscription_callback	8	static
../Core/Src/MICROROS/microros.c:162:6:setup_transport	16	static
../Core/Src/MICROROS/microros.c:176:6:microros_cleanup	8	static
../Core/Src/MICROROS/microros.c:191:6:microros_init	48	static
../Core/Src/MICROROS/microros.c:244:6:microros_recovery	8	static
../Core/Src/MICROROS/microros.c:268:6:microros_encoder_publish	8	static
../Core/Src/MICROROS/microros.c:278:6:microros_battery_publish	8	static
../Core/Src/MICROROS/microros.c:289:6:microros_state_publish	8	static
../Core/Src/MICROROS/microros.c:301:6:microros_safety_publish	8	static
../Core/Src/MICROROS/microros.c:319:6:microros_vel_heartbeat	4	static
