../Core/Src/MICROROS/microros.c:62:6:microros_createsubscribers	16	static
../Core/Src/MICROROS/microros.c:81:6:microros_createpublishers	4	static
../Core/Src/MICROROS/microros.c:93:6:microros_spinnode	8	static
../Core/Src/MICROROS/microros.c:98:6:subscription_callback	4	static
../Core/Src/MICROROS/microros.c:110:6:setup_transport	16	static
../Core/Src/MICROROS/microros.c:124:6:microros_cleanup	8	static
../Core/Src/MICROROS/microros.c:139:6:microros_init	48	static
../Core/Src/MICROROS/microros.c:192:6:microros_recovery	8	static
