../Core/Src/X3CATOR-S/x3cator.c:20:6:x3cator_velocityset	32	static
../Core/Src/X3CATOR-S/x3cator.c:57:6:x3cator_pin_update	8	static
../Core/Src/X3CATOR-S/x3cator.c:82:6:IDLE_state_update	4	static
../Core/Src/X3CATOR-S/x3cator.c:94:6:MANUAL_state_udate	4	static
../Core/Src/X3CATOR-S/x3cator.c:115:6:AUTONOMUS_state_update	4	static
../Core/Src/X3CATOR-S/x3cator.c:144:6:SAFETY_LIMITED_state_update	4	static
../Core/Src/X3CATOR-S/x3cator.c:168:6:E_STOP_state_update	4	static
../Core/Src/X3CATOR-S/x3cator.c:191:6:x3cator_state_update	8	static
../Core/Src/X3CATOR-S/x3cator.c:217:6:x3cator_IDLE	8	static
../Core/Src/X3CATOR-S/x3cator.c:232:6:x3cator_MANUAL	8	static
../Core/Src/X3CATOR-S/x3cator.c:246:6:x3cator_AUTONOMUS	16	static
../Core/Src/X3CATOR-S/x3cator.c:262:7:velocity_limit	24	static
../Core/Src/X3CATOR-S/x3cator.c:273:6:x3cator_SAFETY_LIMITED	8	static
../Core/Src/X3CATOR-S/x3cator.c:296:6:x3cator_ESTOP	8	static
../Core/Src/X3CATOR-S/x3cator.c:304:6:x3cator_FAULT	4	static
../Core/Src/X3CATOR-S/x3cator.c:309:6:x3cator_update	8	static
