../Core/Src/main.c:105:5:main	8	static
../Core/Src/main.c:191:6:SystemClock_Config	88	static
../Core/Src/main.c:237:13:MX_CAN2_Init	8	static
../Core/Src/main.c:274:13:MX_TIM2_Init	72	static
../Core/Src/main.c:349:13:MX_TIM5_Init	72	static
../Core/Src/main.c:424:13:MX_GPIO_Init	48	static
../Core/Src/main.c:467:6:HAL_TIM_IC_CaptureCallback	16	static
../Core/Src/main.c:520:6:StartmicrorosTask	24	static
../Core/Src/main.c:551:6:startmainTask	88	static
../Core/Src/main.c:602:6:HAL_TIM_PeriodElapsedCallback	16	static
../Core/Src/main.c:620:6:Error_Handler	4	static,ignoring_inline_asm
