../Core/Src/RGB/rgb.c:12:7:ease_in_out_cubic	24	static
../Core/Src/RGB/rgb.c:22:9:lerp_u8	24	static
../Core/Src/RGB/rgb.c:27:6:HSV_to_RGB	64	static
../Core/Src/RGB/rgb.c:54:6:Anim_FadeRed	32	static
../Core/Src/RGB/rgb.c:66:6:Anim_FadeRGB	48	static
../Core/Src/RGB/rgb.c:97:6:Anim_Rainbow	24	static
../Core/Src/RGB/rgb.c:108:6:Anim_Breathing	32	static
../Core/Src/RGB/rgb.c:122:6:Anim_Chase	40	static
../Core/Src/RGB/rgb.c:143:6:Anim_Sparkle	24	static
../Core/Src/RGB/rgb.c:162:6:Anim_Wave	32	static
../Core/Src/RGB/rgb.c:177:6:Update_Animation	16	static
../Core/Src/RGB/rgb.c:211:6:Set_Animation	16	static
../Core/Src/RGB/rgb.c:220:6:Fill_Buffer	32	static
../Core/Src/RGB/rgb.c:242:6:HAL_TIM_PWM_PulseFinishedHalfCpltCallback	16	static
../Core/Src/RGB/rgb.c:249:6:HAL_TIM_PWM_PulseFinishedCallback	16	static
../Core/Src/RGB/rgb.c:261:6:WS2812_Start	8	static
../Core/Src/RGB/rgb.c:275:1:RGB_task	32	static
