../Core/Src/MAIN/main.c:74:5:main	8	static
../Core/Src/MAIN/main.c:102:6:SystemClock_Config	88	static
../Core/Src/MAIN/main.c:148:13:MX_CAN2_Init	8	static
../Core/Src/MAIN/main.c:185:13:MX_TIM2_Init	72	static
../Core/Src/MAIN/main.c:260:13:MX_TIM5_Init	72	static
../Core/Src/MAIN/main.c:335:13:MX_GPIO_Init	48	static
../Core/Src/MAIN/main.c:382:6:HAL_TIM_IC_CaptureCallback	16	static
../Core/Src/MAIN/main.c:417:6:StartmicrorosTask	32	static
../Core/Src/MAIN/main.c:453:6:startmainTask	88	static
../Core/Src/MAIN/main.c:503:6:HAL_TIM_PeriodElapsedCallback	16	static
../Core/Src/MAIN/main.c:521:6:Error_Handler	4	static,ignoring_inline_asm
